<!DOCTYPE html>
<html lang="de" xmlns:stu="stu">

<body>
<table id="shiplist_singles_table" class="tcal">
    <tr>
        <td colspan="11">Einzelschiffe</td>
    </tr>
    <tr>
    <th style="width: 140px;">Klasse</th>
    <th>Name</th>
    <th style="width: 30px;"></th>
    <th style="width: 70px;" title="im System (au&Atilde;&#159;erhalb)">x|y <img src="/assets/buttons/info2.png" style="height:16px;">
</th>
    <th style="width: 100px;" title="aktuell/maximal">H&Atilde;&frac14;lle <img src="/assets/buttons/info2.png" style="height:16px;">
    </th>
    <th style="width: 160px;" title="aktuell/maximal (Regeneration [alle 15min])">Schilde <img src="/assets/buttons/info2.png" style="height:16px;">
</th>
    <th style="width: 210px;" title="EPS: aktuell/maximal, Zuwachs, (Systemverbrauch/Reaktornutzung)
WarpDrive: aktuell/maximal, Zuwachs">
        Energie <img src="/assets/buttons/info2.png" style="height:16px;">
</th>
    <th style="width: 120px;" title="Warpkern, Ersatzbatterie">Versorgung <img src="/assets/buttons/info2.png" style="height:16px;">
</th>
    <th style="width: 90px; text-align: center;" title="gr&Atilde;&frac14;n: mehr als ausreichend, rot: zu wenig">Crew <img src="/assets/buttons/info2.png" style="height:16px;">
</th>
    <th style="width: 125px; text-align: center;">Systeme</th>
    <th style="width: 35px;"></th>
</tr>

        <tr>

    <td id="shipimage" style="height:1px; width:1px;" class="shiplistshipimage">
        <a href="/ship.php?SHOW_SPACECRAFT=1&amp;id=42" onclick="if(event.button === 0) { switchInnerContent('SHOW_SPACECRAFT', 'Aerie',
'id=42',
'ship.php'); event.preventDefault();}
updateSelectedSpacecraftId('42');" class="shipImgOverlayText" onmouseover="openStorageInit(this, 42);" onmouseout="closeStorage();">
                        

<img src="/assets/buttons/warp_1.png" class="indexedGraphics" style="z-index: 1;">
<img src="assets/ships/6501.png" class="indexedGraphicsShips" style="z-index: 5;" title="Aerie" onload="adjustCellHeight(this); adjustCellWidth(this);">


        </a>
    </td>
    <td id="shipname">
        <a href="/ship.php?SHOW_SPACECRAFT=1&amp;id=42" onclick="if(event.button === 0) { switchInnerContent('SHOW_SPACECRAFT', 'Aerie',
'id=42',
'ship.php'); event.preventDefault();}
updateSelectedSpacecraftId('42');">
                        <img src="/assets/buttons/dock2.png" title="Schiff ist angedockt" style="height: 20px;">
                                                <span>Aerie</span>
        </a>
    </td>
    <td id="shipalarmstate" style="text-align: center;">
        <img src="/assets/buttons/alert1_1.png" title="Alarmstufe">
    </td>
            <td id="shipposition" align="center">
        (7|8)
    </td>
        <td id="shiphull">
        <span style="">819</span>/819
    </td>
    <td id="shipshields">
                <span>819/819</span>
                (+82)
    </td>
    <td id="shipenergy">
        <table>
                        <tr>
                <td style="background-color: transparent !important;">
                                                            107/108
                                        <span>+1</span>
                                        (<span class="neg">3</span>/<span class="neg">4</span>)
                                    </td>
                                <td style="background-color: transparent !important;">
                                        57/58
                    <span>0</span>
                </td>
                            </tr>
        </table>
    </td>
    <td id="shipreactor">
                        <div style="float: left; width: 50%">
            <img src="/assets/buttons/warpk.png" title="Reaktorladung">
            <span style="">810</span>
        </div>
                        <div style="float: left; width: 50%">
                        <img src="/assets/buttons/batt.png" title="Ersatzbatterie">
             36
        </div>
            </td>

    <td id="shipcrew" style="text-align: center; ">11</td>
    <td id="shipsystems">

                <img src="/assets/buttons/kss1.png" title="Nahbereichssensoren aktiviert">
                        <img src="/assets/buttons/lss1.png" title="Langstreckensensoren aktiviert">
                                <img src="/assets/buttons/act_phaser2.png" title="Strahlenwaffe deaktiviert">
                                    </td>
    <td style="text-align: center;">
                        <a href="?B_NEW_FLEET=1&amp;id=42" onmouseover="cp('fleet_42','buttons/fl_flag2')" onmouseout="cp('fleet_42','buttons/fl_flag1')">
            <img src="/assets/buttons/fl_flag1.png" name="fleet_42" title="Flotte erstellen">
        </a>
                    </td>
</tr>

        <tr>

    <td id="shipimage" style="height:1px; width:1px;" class="shiplistshipimage">
        <a href="/ship.php?SHOW_SPACECRAFT=1&amp;id=78" onclick="if(event.button === 0) { switchInnerContent('SHOW_SPACECRAFT', 'Aerie Three',
'id=78',
'ship.php'); event.preventDefault();}
updateSelectedSpacecraftId('78');" class="shipImgOverlayText" onmouseover="openStorageInit(this, 78);" onmouseout="closeStorage();">
                        

<img src="/assets/buttons/warp_1.png" class="indexedGraphics" style="z-index: 1;">
<img src="assets/ships/6501.png" class="indexedGraphicsShips" style="z-index: 5;" title="Aerie" onload="adjustCellHeight(this); adjustCellWidth(this);">


        </a>
    </td>
    <td id="shipname">
        <a href="/ship.php?SHOW_SPACECRAFT=1&amp;id=78" onclick="if(event.button === 0) { switchInnerContent('SHOW_SPACECRAFT', 'Aerie Three',
'id=78',
'ship.php'); event.preventDefault();}
updateSelectedSpacecraftId('78');">
                                                <span>Aerie Three</span>
        </a>
    </td>
    <td id="shipalarmstate" style="text-align: center;">
        <img src="/assets/buttons/alert1_1.png" title="Alarmstufe">
    </td>
            <td id="shipposition" align="center">
        7|11<br>
                (7|8)
            </td>
        <td id="shiphull">
        <span style="">819</span>/819
    </td>
    <td id="shipshields">
                <span>819/819</span>
                (+0)
    </td>
    <td id="shipenergy">
        <table>
                        <tr>
                <td style="background-color: transparent !important;">
                                    </td>
                            </tr>
        </table>
    </td>
    <td id="shipreactor">
                            </td>

    <td id="shipcrew" style="text-align: center; color: red;">0</td>
    <td id="shipsystems">

                <img src="/assets/buttons/kss2.png" title="Nahbereichssensoren deaktiviert">
                        <img src="/assets/buttons/lss2.png" title="Langstreckensensoren deaktiviert">
                                    </td>
    <td style="text-align: center;">
                        <a href="?B_NEW_FLEET=1&amp;id=78" onmouseover="cp('fleet_78','buttons/fl_flag2')" onmouseout="cp('fleet_78','buttons/fl_flag1')">
            <img src="/assets/buttons/fl_flag1.png" name="fleet_78" title="Flotte erstellen">
        </a>
                    </td>
</tr>

    </table>

</body>
</html>
