<html>

<head>
    <meta charset="utf-8">
</head>

<body>
<div class="box">
    <div class="box_title" style="text-align: left">/
                <a href="database.php">
            Datenbank
        </a>
                <span> / </span>
                        <a href="database.php?SHOW_COMMODITIES_OVERVIEW=1">
            Waren&uuml;bersicht
        </a>
                    </div>
</div>
<br>
<div id="result" style="display: none;">..</div>
<table class="tcal">
    <tr>
        <th>Anzahl</th>
        <th>Ware</th>
    </tr>
        <tr>
        <td>300</td>
        <td>
            <a href="javascript:void(0);" onclick="getCommodityLocations(2);">
                <img style="vertical-align: middle" src="assets/commodities/2.png" title="Baumaterial">
                Baumaterial
            </a>
        </td>
    </tr>
        <tr>
        <td>150</td>
        <td>
            <a href="javascript:void(0);" onclick="getCommodityLocations(4);">
                <img style="vertical-align: middle" src="assets/commodities/4.png" title="Transparentes Aluminium">
                Transparentes Aluminium
            </a>
        </td>
    </tr>
        <tr>
        <td>100</td>
        <td>
            <a href="javascript:void(0);" onclick="getCommodityLocations(5);">
                <img style="vertical-align: middle" src="assets/commodities/5.png" title="Deuterium">
                Deuterium
            </a>
        </td>
    </tr>
        <tr>
        <td>42</td>
        <td>
            <a href="javascript:void(0);" onclick="getCommodityLocations(8);">
                <img style="vertical-align: middle" src="assets/commodities/8.png" title="Dilithium">
                Dilithium
            </a>
        </td>
    </tr>
        <tr>
        <td>249</td>
        <td>
            <a href="javascript:void(0);" onclick="getCommodityLocations(21);">
                <img style="vertical-align: middle" src="assets/commodities/21.png" title="Duranium">
                Duranium
            </a>
        </td>
    </tr>
        <tr>
        <td>1</td>
        <td>
            <a href="javascript:void(0);" onclick="getCommodityLocations(20061);">
                <img style="vertical-align: middle" src="assets/commodities/20061.png" title="Workbee">
                Workbee
            </a>
        </td>
    </tr>
        <tr>
        <td>1</td>
        <td>
            <a href="javascript:void(0);" onclick="getCommodityLocations(20062);">
                <img style="vertical-align: middle" src="assets/commodities/20062.png" title="Workbee">
                Workbee
            </a>
        </td>
    </tr>
    </table>
<div class="footer">
    Rendered in 4.203s - Memory usage: 42.77Mb
</div>

</body>
</html>
