<html>

<head>
    <meta charset="utf-8">
</head>

<body>
<div class="box">
    <div class="box_title" style="text-align: left">/
                <a href="comm.php">
            KommNet
        </a>
                    </div>
</div>
<br>
<div id="result">
     <div class="registration_box_content mt-2">
            &#10071; Meldung &#10071;
      <br><br>
                              
                    Die Zeit zum Editieren ist abgelaufen (600 Sekunden)
              
                                            
</div>
</div>
<br>
<script src="/js/comm.js"></script>
<div class="footer">
    Rendered in 4.203s - Memory usage: 42.77Mb
</div>

</body>
</html>
