<html lang="de">

<head>
  <script src="/static/js/default.js"></script>
</head>

<body>
  <div class="ajaxwin">
        <table class="tcal">
      <tr>
        <th onmouseover="switch_drag_on();" onmouseout="switch_drag_off();">Handelstransfermen&Atilde;&frac14;</th>
        <th style="width: 18px;">
          <a href="javascript:void(0);" onclick="closeAjaxWindow();" onmouseover="cp('ajaxclose','buttons/x2');" onmouseout="cp('ajaxclose','buttons/x1');">
            <img src="/assets/buttons/x1.png" name="ajaxclose" title="Fenster schlie&Atilde;&#159;en">
          </a>
        </th>
      </tr>
    </table>
        
<div id="trademenucontent" style="width: 400px;">
      <form method="post" action="ship.php">
    <input type="hidden" name="id" value="42">
    <input type="hidden" name="postid" value="2">
    <input type="hidden" name="sstr" value="MOCKED_SESSIONSTRING">
    <br>
    <table class="tcal">
      <tr>
        <th style="width: 50%;">Warenkonto</th>
        <th>Schiff</th>
      </tr>
      <tr>
        <td>
          <img src="assets/buttons/lager.png">
          0/10000
        </td>
        <td>
          <img src="assets/buttons/lager.png">
          141/155
        </td>
      </tr>
    </table>
    <br>
    <table class="tcal">
      <tr>
        <th>Modus</th>
      </tr>
      <tr>
        <td style="width: 50%" class="selected" id="transfertoaccount">
          <a style="display: block;" href="javascript:void(0);" onclick="switchTransferToAccount(2)">Transfer in Konto</a>
        </td>
        <td style="width: 50%" id="transferfromaccount">
          <a style="display: block;" href="javascript:void(0);" onclick="switchTransferFromAccount(2)">Transfer von Konto</a>
        </td>
      </tr>
    </table>

    <div id="trademenutransfer">
      <br>
      
<input type="hidden" name="B_TRANSFER_TO_ACCOUNT" value="1">
<table class="tcal">
  <tr>
    <th>Waren auf dem Schiff</th>
  </tr>
  <tr>
    <td>
      <input type="hidden" name="commodities[]" value="8">
<div style="float: left; width: 50%;">
    <table style="width: 100%;">
    <tr>
        <td style="width: 20px;">
            <img src="/assets/commodities/8.png" onclick="this.up('tr').down('.commodityAmount').value=42" style="cursor: pointer;" title="Dilithium">
        </td>
        <td style="width: 60px; vertical-align: middle;">
            42
        </td>
        <td>
            <input type="text" size="3" name="count[]" class="commodityAmount">
        </td>
    </tr>
</table>

</div>
<input type="hidden" name="commodities[]" value="21">
<div style="float: right; width: 50%;">
    <table style="width: 100%;">
    <tr>
        <td style="width: 20px;">
            <img src="/assets/commodities/21.png" onclick="this.up('tr').down('.commodityAmount').value=99" style="cursor: pointer;" title="Duranium">
        </td>
        <td style="width: 60px; vertical-align: middle;">
            99
        </td>
        <td>
            <input type="text" size="3" name="count[]" class="commodityAmount">
        </td>
    </tr>
</table>

</div>
<br style="clear: both;">

    </td>
  </tr>
</table>
    </div>
    <br>
    <div style="width: 100%; text-align: center;">
      <input type="button" class="button" value="max" onclick="maximizeCommodityAmounts();">
      <input type="submit" class="button" value="Transferieren">
    </div>
  </form>
  </div>
      </div>
  </body>

</html>
