<html>

<head>
    <meta charset="utf-8">
</head>

<body>
<div class="box">
    <div class="box_title" style="text-align: left">/
                <a href="pm.php?SHOW_CONTACTLIST=1">
            Kontaktliste
        </a>
                    </div>
</div>
<br>
<div id="result" style="display: none;">..</div>

<form action="pm.php" method="post" name="contactlist" id="contactlist">
	<input type="hidden" name="SHOW_CONTACTLIST" value="1">
	<input type="hidden" id="formaction" value="1">
	<input type="hidden" name="edit_contact" id="edit_contact" value="0">
	<input type="hidden" name="deletion_mark" id="deletion_mark" value="">
	<div style="float: left; width: 75%;">
					</div>
	<div style="float: left; padding-left: 1%; width: 24%;">
		<table class="tcal">
			<tr>
				<th>Hinzuf&uuml;gen</th>
			</tr>
			<tr>
				<td>
					Siedler ID <input type="text" style="width: 50px;" name="recid">
										<select name="clmode" id="clmode">
        <option value="1">
        Freund
    </option>
        <option value="2">
        Feind
    </option>
        <option value="3">
        Neutral
    </option>
    </select>
					<input type="submit" value="Hinzuf&uuml;gen" name="B_ADD_CONTACT">
				</td>
			</tr>
		</table>
		<br>
		<table class="tcal">
			<tr>
				<th>Aktionen</th>
			</tr>
			<tr>
				<td>
					<span style="color: #cecece">&gt;</span> <a href="javascript:void(0);" onclick="markAllContacts();">Alle selektieren</a>
					<br>
					<span style="color: #cecece">&gt;</span> <a href="javascript:void(0);" onclick="unMarkAllContacts();">Alle deselektieren</a>
					<br><br>
					<span style="color: #cecece">&gt;</span> <a href="javascript:void(0);" onclick="deleteMarkedContacts();">Alle selektierten l&ouml;schen</a>
					<br><br>
					<span style="color: #cecece">&gt;</span> <a href="javascript:void(0);" onclick="actionToInnerContent('B_DELETE_ALL_CONTACTS', 'sstr=MOCKED_SESSIONSTRING');">
						Alle l&ouml;schen</a>
				</td>
			</tr>
		</table>
	</div>
</form>
<div class="footer">
    Rendered in 4.203s - Memory usage: 42.77Mb
</div>

</body>
</html>
