<!DOCTYPE html>
<html lang="de" xmlns:stu="stu">
<body>
<form action="colony.php" method="post">
    <input type="hidden" name="id" value="42">
    <input type="hidden" name="hosttype" value="1">
    <input type="hidden" name="sstr" value="MOCKED_SESSIONSTRING">
    <div>
            <table id="localcrew" class="tcal" style="width: 40vw;">
        <tr>
            <th colspan="4">Crewberechnung dieser Kolonie</th>
        </tr>
        <tr>
            <td style="width: 25%" class="darkbg">
                Zufriedenheit
            </td>
            <td style="width: 25%" class="darkbg">
                Bildung
            </td>
        </tr>
        <tr>
            <td>
                <img src="assets/commodities/1001.png" title="Zufriedenheit">
                0
            </td>
            <td>
                <img src="assets/commodities/1601.png" title="Bildung">
                0
            </td>
        </tr>
        <tr>
            <td style="width: 25%" class="darkbg">
                Bev&Atilde;&para;lkerungsdichte
            </td>
            <td style="width: 25%" class="darkbg">Lebensstandard (in Prozent)</td>
        </tr>
        <tr>
            <td>
                <img src="/assets/bev/bev_free_5_1.png" title="Bev&Atilde;&para;lkerung">
                2
            </td>
            <td>
                <img src="/assets/commodities/1300.png" title="Lebensstandard (in Prozent)">
                0%
            </td>
        </tr>
        <tr>
            <td colspan="2" style="width: 25%" class="darkbg">Erzeugte Crew</td>
        </tr>
        <tr>
            <td colspan="2">
                <img src="/assets/bev/bev_free_5_1.png" title="Bev&Atilde;&para;lkerung">
                10
            </td>
        </tr>
    </table>
    <br>
    <table id="globalcrew" class="tcal" style="width: 40vw;">
        <tr class="responsive-hide">
            <th colspan="5">Globale Crew&Atilde;&frac14;bersicht</th>
        </tr>
        <tr class="responsive-hide">
            <td style="width: 20%" class="darkbg">globales Crewlimit</td>
            <td style="width: 20%" class="darkbg">Crew auf Schiffen</td>
            <td style="width: 20%" class="darkbg">Verf&Atilde;&frac14;gbare Crew auf Kolonie</td>
        </tr>
        <tr class="responsive-hide">
            <td>
                <img src="/assets/bev/bev_free_5_1.png" title="Bev&Atilde;&para;lkerung">
                10
            </td>
            <td>
                <img src="/assets/bev/bev_free_5_1.png" title="Bev&Atilde;&para;lkerung">
                12
                (<a href="javascript:void(0);" onclick="showPodLocationWindow();"><span title="Verschollene Crew">0</span></a>)
            </td>
            <td>
                <img src="/assets/bev/bev_free_5_1.png" title="Bev&Atilde;&para;lkerung">
                0
            </td>
        </tr>
        <tr class="responsive-hide">
            <td style="width: 20%" class="darkbg">Crew in Ausbildung</td>
            <td colspan="2" style="width: 20%" class="darkbg">Noch Ausbildbar</td>
        </tr>
        <tr class="responsive-hide">
            <td>
                <img src="/assets/bev/bev_free_5_1.png" title="Bev&Atilde;&para;lkerung">
                0
            </td>
            <td colspan="2">
                <img src="/assets/bev/bev_free_5_1.png" title="Bev&Atilde;&para;lkerung">
                0
            </td>
        </tr>
        <tr class="responsive-show">
            <th colspan="2">Globale Crew&Atilde;&frac14;bersicht</th>
        </tr>
        <tr class="responsive-show">
            <td style="width: 50%" class="darkbg">globales Crewlimit</td>
            <td style="width: 50%" class="darkbg">Crew auf Schiffen</td>
        </tr>
        <tr class="responsive-show">
            <td>
                <img src="/assets/bev/bev_free_5_1.png" title="Bev&Atilde;&para;lkerung">
                10
            </td>
            <td>
                <img src="/assets/bev/bev_free_5_1.png" title="Bev&Atilde;&para;lkerung">
                12
                (<a href="javascript:void(0);" onclick="showPodLocationWindow();"><span title="Verschollene Crew">0</span></a>)
            </td>
        </tr>
        <tr class="responsive-show">
            <td style="width: 50%" class="darkbg">Verf&Atilde;&frac14;gbare Crew auf Kolonie</td>
            <td style="width: 50%" class="darkbg">Crew in Ausbildung</td>
        </tr>
        <tr class="responsive-show">
            <td>
                <img src="/assets/bev/bev_free_5_1.png" title="Bev&Atilde;&para;lkerung">
                0
            </td>
            <td>
                <img src="/assets/bev/bev_free_5_1.png" title="Bev&Atilde;&para;lkerung">
                0
            </td>
        </tr>
        <tr class="responsive-show">
            <td colspan="2" style="width: 50%" class="darkbg">Noch Ausbildbar</td>
        </tr>
        <tr class="responsive-show">
            <td colspan="2">
                <img src="/assets/bev/bev_free_5_1.png" title="Bev&Atilde;&para;lkerung">
                0
            </td>
        </tr>
    </table>

    <br>
    <table id="crewcalculator" class="tcal" style="width: 40vw;">
        <tr class="responsive-hide">
            <th colspan="3">Lokaler Crewrechner <a href="https://wiki.stuniverse.de/index.php?title=Wichtig:Crew" target="_blank">
                    <img src="/assets/buttons/info1.png" name="fieldinfo" width="14" height="14" title="Wiki-Info &Atilde;&frac14;ber Crewberechnung"></a>
</th>
        </tr>
        <tr class="responsive-hide">
            <td class="darkbg">
<img src="assets/commodities/1001.png" title="Zufriedenheit"> Zufriedenheit</td>
            <td class="darkbg">
<img src="assets/commodities/1601.png" title="Bildung"> Bildung</td>
            <td class="darkbg">
<img src="/assets/bev/bev_free_5_1.png" title="Bev&Atilde;&para;lkerung">
                Bev&Atilde;&para;lkerung</td>
        </tr>
        <tr class="responsive-hide">
            <td><input type="number" id="primaryPositive" class="crew-calc-input" oninput="syncInputs('primaryPositive', 'primaryPositiveResponsive'); calculateLocalCrew()"></td>
            <td>
<input type="number" id="secondaryPositive" class="crew-calc-input" oninput="syncInputs('secondaryPositive', 'secondaryPositiveResponsive'); calculateLocalCrew()">
            </td>
            <td><input type="number" id="population" class="crew-calc-input" oninput="syncInputs('population', 'populationResponsive'); calculateLocalCrew()"></td>
        </tr>
        <tr class="responsive-hide">
            <td class="darkbg">
<img src="/assets/bev/bev_used_5_1.png" title="Bev&Atilde;&para;lkerung">
                Arbeiter</td>
            <td class="darkbg">
<img src="/assets/commodities/1300.png" title="Lebensstandard (absoluter Wert)">
                Lebensstandard (absoluter Wert)</td>
            <td class="darkbg">
<img src="/assets/bev/bev_unused_5_1.png" title="Bev&Atilde;&para;lkerung">
                Errechnete Crew</td>
        </tr>
        <tr class="responsive-hide">
            <td><input type="number" id="workers" class="crew-calc-input" oninput="syncInputs('workers', 'workersResponsive'); calculateLocalCrew()"></td>
            <td><input type="number" id="lifeStandard" class="crew-calc-input" oninput="syncInputs('lifeStandard', 'lifeStandardResponsive'); calculateLocalCrew()"></td>
            <td id="calculatedCrew">0</td>
        </tr>
        <tr class="responsive-show">
            <th colspan="2">Lokaler Crewrechner <a href="https://wiki.stuniverse.de/index.php?title=Wichtig:Crew" target="_blank">
                    <img src="/assets/buttons/info1.png" name="fieldinfo" width="14" height="14" title="Wiki-Info &Atilde;&frac14;ber Crewberechnung"></a>
</th>
        </tr>
        <tr class="responsive-show">
            <td class="darkbg">
<img src="assets/commodities/1001.png" title="Zufriedenheit"> Zufriedenheit</td>
            <td class="darkbg">
<img src="assets/commodities/1601.png" title="Bildung"> Bildung</td>
        </tr>
        <tr class="responsive-show">
            <td><input type="number" id="primaryPositiveResponsive" class="crew-calc-input" oninput="syncInputs('primaryPositiveResponsive', 'primaryPositive'); calculateLocalCrew()"></td>
            <td>
<input type="number" id="secondaryPositiveResponsive" class="crew-calc-input" oninput="syncInputs('secondaryPositiveResponsive', 'secondaryPositive'); calculateLocalCrew()">
            </td>
        </tr>
        <tr class="responsive-show">
            <td class="darkbg">
<img src="/assets/bev/bev_free_5_1.png" title="Bev&Atilde;&para;lkerung">
                Bev&Atilde;&para;lkerung</td>
            <td class="darkbg">
<img src="/assets/bev/bev_used_5_1.png" title="Bev&Atilde;&para;lkerung">
                Arbeiter</td>
        </tr>
        <tr class="responsive-show">
            <td><input type="number" id="populationResponsive" class="crew-calc-input" oninput="syncInputs('populationResponsive', 'population'); calculateLocalCrew()"></td>
            <td><input type="number" id="workersResponsive" class="crew-calc-input" oninput="syncInputs('workersResponsive', 'workers'); calculateLocalCrew()"></td>
        </tr>
        <tr class="responsive-show">
            <td class="darkbg">
                <img src="/assets/commodities/1300.png" title="Lebensstandard (absoluter Wert)">
                <span style="white-space: normal;">Lebensstandard (absoluter Wert)</span>
            </td>
            <td class="darkbg">
<img src="/assets/bev/bev_unused_5_1.png" title="Bev&Atilde;&para;lkerung">
                Errechnete Crew</td>
        </tr>
        <tr class="responsive-show">
            <td><input type="number" id="lifeStandardResponsive" class="crew-calc-input" oninput="syncInputs('lifeStandardResponsive', 'lifeStandard'); calculateLocalCrew()"></td>
            <td id="calculatedCrewResponsive">0</td>
        </tr>
    </table>
</div>
</form>

</body>
</html>
