<!DOCTYPE html>
<html xmlns="http://www.w3.org/1999/xhtml" xmlns:stu="stu" lang="de">

<head>
    <meta charset="utf-8">
    <meta name="theme-color" content="#121220">
    <script src="/static/js/prototype.js"></script>
    <script src="/static/js/scriptaculous/scriptaculous.js"></script>
    <script src="/static/js/default.js"></script>
    <script src="/static/js/colony.js"></script>
    <script src="/static/js/comm.js"></script>
    <script src="/static/js/database.js"></script>
    <script src="/static/js/profile.js"></script>
    <script src="/static/js/ship.js"></script>
    <script src="/static/js/shipmanagement.js"></script>
    <script src="/static/js/spacecraft.js"></script>
    <script src="/static/js/starmap.js"></script>
    <script src="/static/js/station.js"></script>
    <script src="/static/js/trade.js"></script>
    <script src="/static/js/tutorial.js"></script>
    <title>Ignoreliste</title>
    <script>
        var gfx_path = '/assets';
    </script>
    <script src="/static/js/overlib.js"></script>
    <script src="/static/js/drag.js"></script>
    <script src="/static/js/overlib_exclusive.js"></script>
    <link rel="STYLESHEET" type="text/css" href="/static/css/schwarz.css">
    <link rel="STYLESHEET" type="text/css" href="/static/css/stu.css">
    <link rel="shortcut icon" href="/assets/favicon.ico">
</head>

<body onload="startUp();">
    <div id="overDiv">...</div>
    <div class="container">
                <div class="header">
            <div id="GAME_USER_PROFILE">
    </div>
            <div id="GAME_PM_NAVLET">
    </div>
            <div id="GAME_RESEARCH_NAVLET">
    </div>
            <div id="GAME_COLONIES_NAVLET">
    </div>
            <div id="GAME_NAGUS_POPUP">
            </div>
            <div id="nagus">
            </div>
            <div class="header_box header_box_logout border_box action" onclick="goToUrl('game.php?B_LOGOUT=1')" onmouseover="cp('header_menu_logout','navigation/menu_logout1', 'png')" onmouseout="cp('header_menu_logout','navigation/menu_logout0', 'png')">
                <div>
                    <img style="width: 40px; height: 40px;" id="header_menu_logout" src="/assets/navigation/menu_logout0.png" title="Logout">
                    <div style="margin-top: 5px">Logout</div>
                </div>
            </div>
                        <div class="header_box header_box_help border_box action" onclick="openNewTab('https://wiki.change.me')" onmouseover="cp('header_menu_docu','navigation/menu_doku1', 'png')" onmouseout="cp('header_menu_docu','navigation/menu_doku0', 'png')">
                <div>
                    <img style="width: 40px; height: 40px;" id="header_menu_docu" src="/assets/navigation/menu_doku0.png" title="Wiki">
                    <div style="margin-top: 5px">Wiki</div>
                </div>
            </div>
                                    <div class="header_box header_box_help border_box action" onclick="openNewTab('https://board.change.me')" onmouseover="cp('header_menu_board','navigation/menu_scripts1', 'png')" onmouseout="cp('header_menu_board','navigation/menu_scripts0', 'png')">
                <div>
                    <img style="width: 40px; height: 40px;" id="header_menu_board" src="/assets/navigation/menu_scripts0.png" title="Forum">
                    <div style="margin-top: 5px">Forum</div>
                </div>
            </div>
                        <div class="header_box header_box_settings border_box action" onmouseover="cp('header_menu_settings','navigation/menu_option1', 'png')" onmouseout="cp('header_menu_settings','navigation/menu_option0', 'png')">
                <a href="options.php" onclick="if(event.button === 0) { switchInnerContent('', '', '', '/options.php'); event.preventDefault(); }" style="display: block; text-decoration: none; color: inherit;">
                    <div>
                        <img style="width: 40px; height: 40px;" id="header_menu_settings" src="/assets/navigation/menu_option0.png" title="Einstellungen">
                        <div style="margin-top: 5px">Einstellungen</div>
                    </div>
                </a>
            </div>
            <div class="headerBottom"> </div>
        </div>
        <div style="margin-top: 80px;">
            <div class="sidebar">
                <div id="GAME_NAVIGATION">
    </div>
                <div id="GAME_SERVERTIME">
    </div>
            </div>
            <div id="innerContent" class="innerContent">
                <div class="box">
    <div class="box_title" style="text-align: left">/
                <a href="pm.php?SHOW_IGNORELIST=1">
            Ignoreliste
        </a>
                    </div>
</div>
<br>
<div id="result" style="display: none;">..</div>
<script src="/js/comm.js"></script>
<form action="pm.php" method="post" name="contactlist" id="contactlist">
    <input type="hidden" name="SHOW_IGNORELIST" value="1">
    <input type="hidden" id="formaction" value="1">
    <input type="hidden" name="deletion_mark" value="">
    <div style="float: left; width: 75%;">
        <table class="tcal">
            <tr>
                <th colspan="3">Ignorierte Siedler</th>
            </tr>
                    </table>
            </div>
    <div style="float: left; padding-left: 1%; width: 24%;">
        <table class="tcal">
            <tr>
                <th>Hinzuf&uuml;gen</th>
            </tr>
            <tr>
                <td>
                    Siedler ID <input type="text" style="width: 50px;" name="recid">
                    <input type="submit" value="Hinzuf&uuml;gen" name="B_IGNORE_USER">
                </td>
            </tr>
        </table>
        <br>
        <table class="tcal">
            <tr>
                <th>Aktionen</th>
            </tr>
            <tr>
                <td>
                    <span style="color: #cecece">&gt;</span> <a href="javascript:void(0);" onclick="markAllContacts();">Alle selektieren</a>
                    <br>
                    <span style="color: #cecece">&gt;</span> <a href="javascript:void(0);" onclick="unMarkAllContacts();">Alle deselektieren</a>
                    <br><br>
                    <span style="color: #cecece">&gt;</span> <a href="javascript:void(0);" onclick="deleteMarkedIgnores();">Alle selektierten l&ouml;schen</a>
                    <br><br>
                    <span style="color: #cecece">&gt;</span> <a href="?SHOW_IGNORELIST=1&amp;B_DELETE_ALL_IGNORES=1&amp;sstr=MOCKED_SESSIONSTRING">Alle l&ouml;schen</a>
                </td>
            </tr>
        </table>
    </div>
</form>
<div class="footer">
    Rendered in 4.203s - Memory usage: 42.77Mb
</div>
<script>
            updateComponent('GAME_PM_NAVLET', '/game.php?SHOW_COMPONENT=1&id=GAME_PM_NAVLET', 60000);
                updateComponent('GAME_SERVERTIME', '/game.php?SHOW_COMPONENT=1&id=GAME_SERVERTIME', 300000);
        </script>
                <script>
                    window.addEventListener("popstate", function (e) {
                        window.location.reload();
                    });
                </script>
            </div>
        </div>
    </div>
</body>

</html>
