<html lang="de">

<head>
  <script src="/static/js/default.js"></script>
</head>

<body>
  <div class="ajaxwin">
        <table class="tcal">
      <tr>
        <th id="popup-drag">EPS Verbrauch</th>
        <th style="width: 18px;">
          <a href="javascript:void(0);" onclick="closeAjaxWindow();" onmouseover="cp('ajaxclose','buttons/x2');" onmouseout="cp('ajaxclose','buttons/x1');">
            <img src="/assets/buttons/x1.png" name="ajaxclose" title="Fenster schlie&Atilde;&#159;en">
          </a>
        </th>
      </tr>
    </table>
        <div>
        <br>
        <div class="divhead">Alarmstufe Verbrauch</div>
    <div class="divbody">
        <img src="/assets/buttons/alert2.png" title="Alarm Gelb">
        <span>1 EPS</span>
    </div>
        <br>
    <div class="divhead">Systemverbrauch</div>
    <div class="divbody">
        <table class="tcal">
                                    <tr>
                <td>
                    <div>
                        <img style="vertical-align: middle" title="Langstreckensensoren" class="sysStatus76to100" src="assets/system/8.png">
                        Langstreckensensoren
                    </div>
                </td>
                <td>1 EPS</td>
            </tr>
                                    <tr>
                <td>
                    <div>
                        <img style="vertical-align: middle" title="Nahbereichssensoren" class="sysStatus76to100" src="assets/system/9.png">
                        Nahbereichssensoren
                    </div>
                </td>
                <td>1 EPS</td>
            </tr>
                                    <tr>
                <td>
                    <div>
                        <img style="vertical-align: middle" title="Lebenserhaltungssystem" class="sysStatus76to100" src="assets/system/13.png">
                        Lebenserhaltungssystem
                    </div>
                </td>
                <td>1 EPS</td>
            </tr>
                    </table>
    </div>
</div>
      </div>
  </body>

</html>
