<html><body><div style="display: grid; grid-template-columns: 300px 1fr 1fr; width: 100%; margin-top: 5px;">
    <div>
        <div>
            <img title="Zuletzt online" src="/assets/buttons/time.png">
            21.07.2394 11:30
        </div>
        <div>
            <img src="/assets/navigation/menu_ships0.png" height="20" width="20" title="Crew auf Schiffen/Stationen">
            <span>34</span> / <span>10</span>
            <img src="/assets/bev/bev_free_5_1.png" height="20" width="20" title="globales Crewlimit">
        </div>
        <div>STATUS:
            <span style="color: greenyellow;">AKTIV</span>
        </div>
    </div>

    <div style="display: flex; flex-wrap: wrap; align-items: center;">
                                        
        <img src="/assets/planets/201.png" title="Kolonieinformationen: Stempor'Arr 4
Koordinaten: 7|11
System: Stempor'Arr-System (7|8)" style="margin: 2px;">
                    </div>

    <div style="display: flex; flex-wrap: wrap;">
                        <div style="display: inline-block; text-align: center; margin: 2px;">
            2 Energienetz<br>
            <a href="javascript:void(0);" onclick="showNPCMemberRumpInfo(this, 101, 9);">
                <img src="/assets/ships/9.png" title="Energienetz (Klick f&Atilde;&frac14;r Details)">
            </a>
        </div>
                <div style="display: inline-block; text-align: center; margin: 2px;">
            1 Workbee<br>
            <a href="javascript:void(0);" onclick="showNPCMemberRumpInfo(this, 101, 161);">
                <img src="/assets/ships/161.png" title="Workbee (Klick f&Atilde;&frac14;r Details)">
            </a>
        </div>
                <div style="display: inline-block; text-align: center; margin: 2px;">
            4 Tholianisches Netzschiff<br>
            <a href="javascript:void(0);" onclick="showNPCMemberRumpInfo(this, 101, 3107);">
                <img src="/assets/ships/3107.png" title="Tholianisches Netzschiff (Klick f&Atilde;&frac14;r Details)">
            </a>
        </div>
                <div style="display: inline-block; text-align: center; margin: 2px;">
            4 Aerie<br>
            <a href="javascript:void(0);" onclick="showNPCMemberRumpInfo(this, 101, 6501);">
                <img src="/assets/ships/6501.png" title="Aerie (Klick f&Atilde;&frac14;r Details)">
            </a>
        </div>
                <div style="display: inline-block; text-align: center; margin: 2px;">
            1 Au&Atilde;&#159;enposten<br>
            <a href="javascript:void(0);" onclick="showNPCMemberRumpInfo(this, 101, 10053);">
                <img src="/assets/ships/10053.png" title="Au&Atilde;&#159;enposten (Klick f&Atilde;&frac14;r Details)">
            </a>
        </div>
                    </div>
</div></body></html>
