<!DOCTYPE html>
<html lang="de" xmlns:stu="stu">
<body>
    <span style="color: #c37700;">Sieder wird ignoriert</span>
</body>
</html>
