<html lang="de">

<head>
  <script src="/static/js/default.js"></script>
</head>

<body>
  <div class="ajaxwin">
        <table class="tcal">
      <tr>
        <th onmouseover="switch_drag_on();" onmouseout="switch_drag_off();"></th>
        <th style="width: 18px;">
          <a href="javascript:void(0);" onclick="closeAjaxWindow();" onmouseover="cp('ajaxclose','buttons/x2');" onmouseout="cp('ajaxclose','buttons/x1');">
            <img src="/assets/buttons/x1.png" name="ajaxclose" title="Fenster schlie&Atilde;&#159;en">
          </a>
        </th>
      </tr>
    </table>
        <div class="divhead" style="text-align: center;">Keine Kommentare im Archiv vorhanden</div>
      </div>
  </body>

</html>
