<!DOCTYPE html>
<html xmlns="http://www.w3.org/1999/xhtml" xmlns:stu="stu">


<head>
  <meta charset="utf-8">
  <meta name="theme-color" content="#000000">
  <title>Hilfe - Star Trek Universe</title>
  <link rel="shortcut icon" href="/assets/favicon.ico">
  <link rel="stylesheet" type="text/css" href="/static/css/stuweb.css">
  <meta charset="UTF-8">
  <meta name="robots" content="index, follow">
  <meta name="language" content="de">
  <meta name="viewport" content="width=device-width, initial-scale=1.0, maximum-scale=1.0, user-scalable=no">
  <link rel="stylesheet" href="https://stackpath.bootstrapcdn.com/bootstrap/4.5.2/css/bootstrap.min.css">
  <link rel="stylesheet" href="https://cdnjs.cloudflare.com/ajax/libs/font-awesome/6.0.0-beta3/css/all.min.css">

  <link rel="stylesheet" href="https://cdnjs.cloudflare.com/ajax/libs/font-awesome/6.0.0-beta3/css/all.min.css">
  <script src="https://cdn.jsdelivr.net/npm/@popperjs/core@2.0.6/dist/umd/popper.min.js"></script>
  <script src="https://code.jquery.com/jquery-3.5.1.slim.min.js"></script>
  <script src="https://stackpath.bootstrapcdn.com/bootstrap/4.5.2/js/bootstrap.bundle.min.js"></script>

  <meta name="description" content="">
<meta name="keywords" content="">

<script type="application/ld+json">
{
    "@context": "https://schema.org",
    "@type": "WebPage",
    "name": "",
    "publisher": {
        "@type": "Organization",
        "name": ""
    },
    "author": {
        "@type": "Person",
        "name": ""
    },
    "contributors": []
}
</script>


</head>
<body onload="if (document.getElementById('login')) document.getElementById('login').focus(); updateBannerImage();">

  <div class="container text-center my-4">
    <div id="banner">
      <picture>
        <source media="(max-width: 768px)" srcset="">
        <img id="bannerImg" src="" border="0" title="Star Trek Universe">
      </source></picture>
    </div>
  </div>

  <div class="container">
    <div class="row">
      <div class="col-lg-8 mb-4">
        <div class="mainbar_nav_box_header">
          <small>Navigation</small>
        </div>

        <div class="nav_box_content d-none d-lg-flex flex-wrap justify-content-around link-container">
          <a href="/index.php" class="link-box">Hauptseite</a>
          <a href="/index.php?SHOW_REGISTRATION=1" class="link-box">Registrieren</a>
          <a href="/index.php?SHOW_HELP=1" class="link-box">Hilfe</a>
          <a href="/index.php?SHOW_INFOS=1" class="link-box">Impressum</a>
          <a href="#" class="link-box" data-toggle="modal" data-target="#forumModal">Forum</a>
          <a href="#" class="link-box" data-toggle="modal" data-target="#discordModal">Chat</a>
          <a href="#" class="link-box" data-toggle="modal" data-target="#logModal">Changelog</a>
          <a href="/index.php?SHOW_PARTNER_SITES=1" class="link-box">Partnerseiten</a>
        </div>

        <div class="modal fade" id="discordModal" tabindex="-1" aria-labelledby="discordModalLabel" aria-hidden="true">
          <div class="modal-dialog modal-dialog-centered">
            <div class="modal-content text-center">
              <h5 class="modal-title pt-3" id="discordModalLabel">ACHTUNG!</h5>
              <div class="modal-body">
                Du bist dabei, die Seite zu verlassen und zum Discord-Server weitergeleitet zu werden. M&ouml;chtest du
                fortfahren?
              </div>
              <div class="modal-footer justify-content-center">
                <a href="https://discord.gg/NK3fCdx" class="btn-stu">
                  Ja, ich will zum Discord!
                </a>
                <button type="button" class="btn-stu" data-dismiss="modal">Abbrechen</button>
              </div>
            </div>
          </div>
        </div>

        <div class="modal fade" id="forumModal" tabindex="-1" aria-labelledby="forumModalLabel" aria-hidden="true">
          <div class="modal-dialog modal-dialog-centered">
            <div class="modal-content text-center">
              <h5 class="modal-title pt-3" id="forumModalLabel">ACHTUNG!</h5>
              <div class="modal-body">
                Du bist dabei, die Seite zu verlassen und zum Forum weitergeleitet zu werden. M&ouml;chtest du fortfahren?
              </div>
              <div class="modal-footer justify-content-center">
                <a href="https://forum.stuniverse.de" class="btn-stu">
                  Ja, ich will zum Forum!
                </a>
                <button type="button" class="btn-stu" data-dismiss="modal">Abbrechen</button>
              </div>
            </div>
          </div>
        </div>

        <div class="modal fade" id="logModal" tabindex="-1" aria-labelledby="logModalLabel" aria-hidden="true">
          <div class="modal-dialog modal-dialog-centered">
            <div class="modal-content text-center">
              <h5 class="modal-title pt-3" id="logModalLabel">ACHTUNG!</h5>
              <div class="modal-body">
                Du bist dabei, die Seite zu verlassen und zum Changelog im weitergeleitet zu werden. M&ouml;chtest du
                fortfahren?
              </div>
              <div class="modal-footer justify-content-center">
                <a href="https://forum.stuniverse.de/viewforum.php?f=12" class="btn-stu">
                  Ja, ich will zum Changelog!
                </a>
                <button type="button" class="btn-stu" data-dismiss="modal">Abbrechen</button>
              </div>
            </div>
          </div>
        </div>

        <div class="d-lg-none">
          <div class="row">

            <div class="col-7 pr-0">
              <div class="nav_box_content">
                <div class="dropdown" data-bs-auto-close="outside">
                  <button class="btn btn-secondary dropdown-toggle w-100" type="button" id="dropdownMenuButton" data-toggle="dropdown" aria-haspopup="true" aria-expanded="false">... Hauptmen&uuml; &ouml;ffnen ...</button>

                  <div class="dropdown-menu" aria-labelledby="dropdownMenuButton">
                    <a class="dropdown-item" href="/index.php">Hauptseite</a>
                    <a class="dropdown-item" href="/index.php?SHOW_REGISTRATION=1">Registrieren</a>
                    <a class="dropdown-item" href="/index.php?SHOW_HELP=1">Hilfe</a>
                    <a href="#" class="dropdown-item" data-toggle="modal" data-target="#forumModal">Forum</a>
                    <a href="#" class="dropdown-item" data-toggle="modal" data-target="#discordModal">Chat</a>
                    <a href="#" class="dropdown-item" data-toggle="modal" data-target="#logModal">Changelog</a>
                    <a class="dropdown-item" href="/index.php?SHOW_PARTNER_SITES=1">Partnerseiten</a>
                  </div>
                </div>
              </div>

              <div class="modal fade" id="discordModal-m" tabindex="-1" aria-labelledby="discordModal-mLabel" aria-hidden="true">
                <div class="modal-dialog modal-dialog-centered">
                  <div class="modal-content text-center">
                    <h5 class="modal-title pt-3" id="discordModal-mLabel">ACHTUNG!</h5>
                    <div class="modal-body">
                      Du bist dabei, die Seite zu verlassen und zum Discord-Server weitergeleitet zu werden. M&ouml;chtest du
                      fortfahren?
                    </div>
                    <div class="modal-footer justify-content-center">
                      <a href="https://discord.gg/NK3fCdx" class="btn-stu">
                        Ja, ich will zum Discord!
                      </a>
                      <button type="button" class="btn-stu" data-dismiss="modal">Abbrechen</button>
                    </div>
                  </div>
                </div>
              </div>

              <div class="modal fade" id="forumModal-m" tabindex="-1" aria-labelledby="forumModal-mLabel" aria-hidden="true">
                <div class="modal-dialog modal-dialog-centered">
                  <div class="modal-content text-center">
                    <h5 class="modal-title pt-3" id="forumModal-mLabel">ACHTUNG!</h5>
                    <div class="modal-body">
                      Du bist dabei, die Seite zu verlassen und zum Forum weitergeleitet zu werden. M&ouml;chtest du
                      fortfahren?
                    </div>
                    <div class="modal-footer justify-content-center">
                      <a href="https://forum.stuniverse.de" class="btn-stu">
                        Ja, ich will zum Forum!
                      </a>
                      <button type="button" class="btn-stu" data-dismiss="modal">Abbrechen</button>
                    </div>
                  </div>
                </div>
              </div>

              <div class="modal fade" id="logModal-m" tabindex="-1" aria-labelledby="logModal-mLabel" aria-hidden="true">
                <div class="modal-dialog modal-dialog-centered">
                  <div class="modal-content text-center">
                    <h5 class="modal-title pt-3" id="logModal-mLabel">ACHTUNG!</h5>
                    <div class="modal-body">
                      Du bist dabei, die Seite zu verlassen und zum Changelog im weitergeleitet zu werden. M&ouml;chtest du
                      fortfahren?
                    </div>
                    <div class="modal-footer justify-content-center">
                      <a href="https://forum.stuniverse.de/viewforum.php?f=12" class="btn-stu">
                        Ja, ich will zum Changelog!
                      </a>
                      <button type="button" class="btn-stu" data-dismiss="modal">Abbrechen</button>
                    </div>
                  </div>
                </div>
              </div>


            </div>

            <div class="col-5 pl-0">
              <div class="nav_box_content">

                <a class="btn btn-secondary w-100" type="button" id="dropdownMenuButton2" aria-haspopup="true" aria-expanded="false" href="/login">... zum Login ...</a>



              </div>
            </div>
          </div>

          </div>
<div class="mainbar_box_header mt-4">
<small>Erste Hilfe - die Star Trek Universe Community</small>
</div>

<div class="mainbar_box_content">
<div class="pt-3 pl-3 pr-3 text-center">
  <h3 class="mb-0 text-center">Du brauchst Hilfe? Keine Panik.</h3>
</div>

<div class="p-3 d-flex text-center">
<span style="display: inline;">
  Es gibt verschiedene Wege, Hilfe zu einem spezifischen Problem zu bekommen. Erster Anlaufpunkt f&uuml;r Fragen
  und Informationen ist in jedem Fall das <a href="https://board.change.me" target="_blank">Forum</a> und die <a href="https://wiki.change.me" target="_blank">Wiki</a> (im Aufbau), sowie auch der <a href="https://chat.change.me" target="_blank">Discord-Chat</a>. Dort gibt es neben Einsteigerinfos und Datenbanken auch n&uuml;tzliche Tipps rund um den Alltag als Siedler in Star Trek Universe.
</span>
</div>

<div class="pt-4 pl-3 pr-3 text-center">
<h3 class="mb-0 text-center">Ingame - Step by Step Tutorials</h3>
</div>
<div class="p-3 d-flex text-center no-wrap"> 
Neben der Community von Star Trek Universe wird dir im Spiel auch direkt geholfen. Mithilfe eines Padds im jeweiligen Fraktionsdesign bekommst du direkt beim spielen die ersten n&uuml;tzlichen Tipps an die Hand.
</div>

<div class="ml-1 mr-1 d-none d-md-flex">
<div class="row pr-3 pl-3 pt-3 pb-2">

  <div class="col-3 gallery">
    <img class="w-100" src="/assets/main/stu-tutorial-maindesk.jpg" alt="Screenshot Maindesk Star Trek Stuniverse" data-toggle="modal" data-target="#pic1Modal">
  </div>
  <div class="modal" id="pic1Modal" tabindex="-1" aria-labelledby="pic1ModalLabel" aria-hidden="true">
    <div class="modal-dialog modal-dialog-centered" style="max-width: 60%;">
      <div class="modal-content text-center">
        <img class="img-fluid" src="/assets/main/stu-tutorial-maindesk.jpg" alt="Screenshot des Tutorial vom Maindesk von Star Trek Stuniverse">
        <div class="p-3">
          Tutorial vom Startbildschirm nach dem Login. Auch Maindesk genannt.
        </div>
        <div class="modal-footer justify-content-between">
          <button type="button" class="btn-stu" data-dismiss="modal" data-toggle="modal" data-target="#pic4Modal"><i class="fa-solid fa-left-long"></i></button>
          <button type="button" class="btn-stu" data-dismiss="modal">Schliessen</button>
          <button type="button" class="btn-stu" data-dismiss="modal" data-toggle="modal" data-target="#pic2Modal"><i class="fa-solid fa-right-long"></i></button>
        </div>
      </div>
    </div>
  </div>

  <div class="col-3 gallery">
    <img class="w-100" src="/assets/main/stu-tutorial-kolonie.jpg" alt="Screenshot Ansicht Kolonie von Star Trek Stuniverse" data-toggle="modal" data-target="#pic2Modal">
  </div>
  <div class="modal" id="pic2Modal" tabindex="-1" aria-labelledby="pic2ModalLabel" aria-hidden="true">
    <div class="modal-dialog modal-dialog-centered" style="max-width: 60%;">
      <div class="modal-content text-center">
        <img class="img-fluid" src="/assets/main/stu-tutorial-kolonie.jpg" alt="Screenshot Tutorialansicht Kolonie von Star Trek Stuniverse">
        <div class="p-3">
         Tutorial welches Schritt f&uuml;r Schritt dir alle Optionen und M&ouml;glichkeiten auf deinen Kolonien erkl&auml;rt.
        </div>
        <div class="modal-footer justify-content-between">
          <button type="button" class="btn-stu" data-dismiss="modal" data-toggle="modal" data-target="#pic1Modal"><i class="fa-solid fa-left-long"></i></button>
          <button type="button" class="btn-stu" data-dismiss="modal">Schliessen</button>
          <button type="button" class="btn-stu" data-dismiss="modal" data-toggle="modal" data-target="#pic3Modal"><i class="fa-solid fa-right-long"></i></button>
        </div>
      </div>
    </div>
  </div> 

  <div class="col-3 gallery">
    <img class="w-100" src="/assets/main/stu-tutorial-schiffe-%C3%BCbersicht.jpg" alt="Screenshot Ansicht Schiffs-Hud von Star Trek Stuniverse" data-toggle="modal" data-target="#pic3Modal">
  </div>
  <div class="modal" id="pic3Modal" tabindex="-1" aria-labelledby="pic3ModalLabel" aria-hidden="true">
    <div class="modal-dialog modal-dialog-centered" style="max-width: 60%;">
      <div class="modal-content text-center">
        <img class="img-fluid" src="/assets/main/stu-tutorial-schiffe-%C3%BCbersicht.jpg" alt="Screenshot Tutorialansicht Flotten&uuml;bersicht von Star Trek Stuniverse">
        <div class="p-3">
          Tutorial der Schiffs- bzw- Flotten&uuml;bersicht. Alle wichtigen Daten auf einen Blick.
        </div>
        <div class="modal-footer justify-content-between">
          <button type="button" class="btn-stu" data-dismiss="modal" data-toggle="modal" data-target="#pic2Modal"><i class="fa-solid fa-left-long"></i></button>
          <button type="button" class="btn-stu" data-dismiss="modal">Schliessen</button>
          <button type="button" class="btn-stu" data-dismiss="modal" data-toggle="modal" data-target="#pic4Modal"><i class="fa-solid fa-right-long"></i></button>
        </div>
      </div>
    </div>
  </div>

  <div class="col-3 gallery">
    <img class="w-100" src="/assets/main/stu-tutorial-forschung.jpg" alt="Screenshot Tutorialansicht der Forschung in Star Trek Stuniverse" data-toggle="modal" data-target="#pic4Modal">
  </div>
  <div class="modal" id="pic4Modal" tabindex="-1" aria-labelledby="pic4ModalLabel" aria-hidden="true">
    <div class="modal-dialog modal-dialog-centered" style="max-width: 60%;">
      <div class="modal-content text-center">
        <img class="img-fluid" src="/assets/main/stu-tutorial-forschung.jpg" alt="Screenshot Tutorialansicht der Forschung in Star Trek Stuniverse">
        <div class="p-3">
          Kleines Tutorial um sich im Forschungsbaum von Stuniverse zurecht zu finden.
        </div>
        <div class="modal-footer justify-content-between">
          <button type="button" class="btn-stu" data-dismiss="modal" data-toggle="modal" data-target="#pic3Modal"><i class="fa-solid fa-left-long"></i></button>
          <button type="button" class="btn-stu" data-dismiss="modal">Schliessen</button>
          <button type="button" class="btn-stu" data-dismiss="modal" data-toggle="modal" data-target="#pic1Modal"><i class="fa-solid fa-right-long"></i></button>
        </div>
      </div>
    </div>
  </div>
</div>
</div>
          
<div class="pr-3 pl-3">
<div class="registration_box_content text-center mt-4">
  <p>Neugierig geworden?</p>
  <div class="pb-2">
    <a href="/index.php?SHOW_REGISTRATION=1" class="btn-stu btn-stu-w" role="button">
      Jetzt kostenlos registrieren und spielen!
    </a> 
  </div>
</div>
        
<div class="pt-5 pl-3 pr-3 pb-3 text-center">
  <h3 class="text-center">Fragen &amp; Antworten zu Star Trek Universe</h3>
</div>

<div id="main">
  <div class="accordion pb-3" id="faq">

    <div class="card">
      <div class="card-header" id="faqhead1">
        <a href="#" class="btn btn-header-link collapsed" data-target="#faq1" aria-expanded="false" aria-controls="faq1">
          Ist Star Trek Universe wirklich kostenlos und ohne Pay to Win?
        </a>
      </div>
      <div id="faq1" class="collapse fade" aria-labelledby="faqhead1" data-parent="#faq">
        <div class="card-body">
          Ja, Stuniverse ist komplett kostenlos. Es handelt sich um ein Fanprojekt und nach den Regelungen von Paramount Pictures d&uuml;rfen solche Projekte nur Non-Profit sein. Daher wird es nie Werbung oder Premium im Spiel geben.
        </div>
      </div>
    </div>

    <div class="card">
      <div class="card-header" id="faqhead2">
        <a href="#" class="btn btn-header-link collapsed" data-target="#faq2" aria-expanded="false" aria-controls="faq2">
          Warum ben&ouml;tige ich zum registrieren eine Handynummer?
        </a>
      </div>
      <div id="faq2" class="collapse fade" aria-labelledby="faqhead2" data-parent="#faq">
        <div class="card-body">
          Die Registrierung mit Handynummer soll in Zeiten von VPN's bei Star Trek Universe das Multiaccounting erschweren. Nat&uuml;rlich kann man es nie ganz unterbinden doch wir haben die Erfahrung gemacht, dass es recht effektiv ist. F&uuml;r mehr wird die Handynummer nicht genutzt.
        </div>
      </div>
    </div>

    <div class="card">
  <div class="card-header" id="faqhead3">
    <a href="#" class="btn btn-header-link collapsed" data-target="#faq3" aria-expanded="false" aria-controls="faq3">
      Was bedeutet rundenbasiertes Star Trek Strategiespiel voller Rollenspielelementen?
    </a>
  </div>
  <div id="faq3" class="collapse fade" aria-labelledby="faqhead3" data-parent="#faq">
    <div class="card-body">
      Rundenbasiert bedeutet, dass Star Trek Universe in Runden abl&auml;uft. Jeder Tag hat 5 Runden, auch Ticks genannt. Diese sind 12:00, 15:00, 18:00, 21:00 und 24:00 Uhr.
      <br><br>
      Mit jedem Rundenwechsel werden bestimmte Elemente neu berechnet. Zum Beispiel die Energie deiner Schiffe werden aufgef&uuml;llt und die produzierten Ressourcen auf deinen Kolonien aktualisiert.
    </div>
  </div>
</div>

<div class="card">
  <div class="card-header" id="faqhead4">
    <a href="#" class="btn btn-header-link collapsed" data-target="#faq4" aria-expanded="false" aria-controls="faq4">
      Was sind NPC Accounts und was machen diese?
    </a>
  </div>
  <div id="faq4" class="collapse fade" aria-labelledby="faqhead4" data-parent="#faq">
    <div class="card-body">
      NPC Accounts sind Non-Playable Character. Im Spiel Star Trek Universe gibt es zwei verschiedene Arten von NPC Accounts. Einmal die Script-NPC's, wie die Kazon. Dieser NPC fliegt umher und greift Sternenbasen und Schiffe von Spielern an um diese zu pl&uuml;ndern. 
        <br><br>
      Dann gibt es aber noch die NPC's die von einem Menschen gespielt werden. Die sogenannten Gro&szlig;m&auml;chte. In Star Trek Universe sind das die Ferengi-Allianz, das Romulanische Sternenimperium, die Cardassianische Union, das Klingonische Reich und die Vereinigte F&ouml;deration der Planeten. 
        <br><br>
      Diese NPC's interagieren mit den Spielern. Du kannst mit Ihnen Rollenspiel (RPG) betreiben. Aber anders als bei Spielern geht es diesen NPC's nicht darum zu gewinnen. Sie sind daf&uuml;r da die Spieler zu unterhalten und kleine aber auch gro&szlig;e Geschichten auszuspielen an denen du dich beteiligen kannst. 
        <br><br>
      Aber wundere dich nicht wenn du als Romulanische Fraktion beim Cardassianer (NPC) kritisch be&auml;ugt wirst wenn du was von ihm willst. Die NPC's verhalten sich wie ihre Pendants in Star Trek.
    </div>
  </div>
</div>

<div class="card">
  <div class="card-header" id="faqhead5">
    <a href="#" class="btn btn-header-link collapsed" data-target="#faq5" aria-expanded="false" aria-controls="faq5">
      Wer steckt hinter Star Trek Universe?
    </a>
  </div>
  <div id="faq5" class="collapse fade" aria-labelledby="faqhead5" data-parent="#faq">
    <div class="card-body">
      Dieses Onlinespiel ist ein Fanprojekt was seit Jahrzehnten immer weiterentwickelt wird. Mittlerweile befindet sich Stuniverse in der dritten Version und wird fortw&auml;hrend weiterentwickelt. Auch dank den Ideen der Community.
        <br><br>
      Betrieben wird das Spiel von Hux. Er verwaltet nicht nur als Administrator das Online-Strategiespiel sondern programmiert auch mit an neuen Features und Bugsfixes. Beim Coding helfen ihm g5bot und Treknerd. 
        <br><br>
      Neben den drei Programmierern geh&ouml;rt auch VI0S dazu. Dieser zeichnet sich verantwortlich f&uuml;r die Ingame-Grafiken, wie z.B. dem Design der Schiffe der verschiedenen Fraktion und den Icons. Dazu kommen noch Spieler welche das Wiki von Stuniverse pflegen und aktualisieren.
    </div>
  </div>
</div>

<div class="card">
  <div class="card-header" id="faqhead6">
    <a href="#" class="btn btn-header-link collapsed" data-target="#faq6" aria-expanded="false" aria-controls="faq6">
      Kann man euch und euer Spiel unterst&uuml;tzen?
    </a>
  </div>
  <div id="faq6" class="collapse" aria-labelledby="faqhead6" data-parent="#faq">
    <div class="card-body">
      Das kannst du. Empfehle uns deinen Freunden und Bekannten weiter. Poste vielleicht auf Social Media einfach mal was zu Star Trek Universe, inkl. Verlinkung. Sei kreativ!
      <br><br> 
      Spenden oder irgendwelche Gelder in irgendeiner Form k&ouml;nnen und werden wir f&uuml;r Stuniverse nicht annehmen da es gegen die Fan-Guidelines von Paramount verst&ouml;&szlig;t. Mehr Informationen bekommst du im Discord.
    </div>
  </div>
</div>
            
</div>
</div>
</div>
                  

          <div class="row">
          </div>

        </div>
      </div>

      <div class="col-lg-4 d-none d-lg-block">
        <div class="sidebar_box_header">
          <small>Spielstatus</small>
        </div>
        <div class="sidebar_box_content">
          <div id="gamestate_1" class="mt-2 p-1 rounded text-center">
            Online
          </div>
        </div>
                <div class="sidebar_box_header mt-4">Willkommen zur&uuml;ck</div>
        <div class="sidebar_box_content">
                    Siedler 101
                    <br><br>
          <a href="/maindesk.php" class="btn-stu btn-stu-d mt-3 mb-2">Zum Maindesk</a>
        </div>
                <div class="sidebar_box_header mt-4">
          <small>Live Statistiken</small>
        </div>
        <div class="sidebar_box_content">
          <div class="mt-2">
            <i class="fa-solid fa-user"></i> Spieler: 2<br>
            <i class="fa-solid fa-user text-success"></i> Online: 0<br>
            <i class="fa-solid fa-clock"></i> Runde: 1<br>
          </div>
        </div>

        <div class="sidebar_box_header mt-4">
          <small>Links</small>
        </div>
        <div class="sidebar_box_content">
          <div class="mt-2">
            <a href="https://github.com/st-universe/core" target="_blank"><i class="fa-solid fa-square-arrow-up-right"></i> GitHub</a><br>
            <a href="https://www.v2.6.stuniverse.de" target="_blank"><i class="fa-solid fa-square-arrow-up-right"></i>
              STU V2.6</a><br>
            <a href="https://nicotintel.de" target="_blank"><i class="fa-solid fa-square-arrow-up-right"></i> Hux's
              Blog</a><br>
          </div>
        </div>

        <div class="sidebar_box_header  mt-4">
          <small>Discord</small>
        </div>
        <div class="sidebar_box_content">
          <div class="iframe-container mt-2">
            <iframe src="https://discord.com/widget?id=486609699870081026&amp;theme=dark" class="custom-iframe"></iframe>
          </div>
          <a href="https://discord.gg/NK3fCdx" target="_blank" class="btn-stu btn-stu-d mt-3 mb-2">Zum STU Discord
            Server</a>
        </div>

        <div class="sidebar_box_header mt-4"><small>Copyright</small></div>
        <div class="sidebar_box_content mb-4">
          <p class="mt-2">Star Trek is a registered trademark of Paramount Pictures.</p>
          <p>This site is a fan project and there fore strictly non-profit. No copyright infringement is intended.</p>
          <p class="mb-2">&copy; 2001 - now STU-Team</p>
        </div>
      </div>
    </div>
  </div>

  <div class="d-lg-none">
    <div class="container pb-3">
      <div class="mainbar_box_header">
        <small>Copyright</small>
      </div>
      <div class="mainbar_box_content">
        <div class="p-2">
          <p class="mt-2">Star Trek is a registered trademark of Paramount Pictures.</p>
          <p>This site is a fan project and there fore strictly non-profit. No copyright infringement is intended.</p>
          <p class="mb-2">&copy; 2001 - now STU-Team</p>
        </div>
      </div>
    </div>
  </div>

  <script>
    window.addEventListener('load', function () {
      if (window.innerWidth < 992) {
        window.scrollTo(0, 0);
      }
    });
  </script>

  <script src="/static/js/prototype.js"></script>
  <script src="/static/js/scriptaculous/scriptaculous.js"></script>
  <script src="/static/js/main.js"></script>
</body>
</html>
