<!DOCTYPE html>
<html xmlns="http://www.w3.org/1999/xhtml" xmlns:stu="stu" lang="de">

<head>
    <meta charset="utf-8">
    <meta name="theme-color" content="#121220">
    <script src="/static/js/prototype.js"></script>
    <script src="/static/js/lib/Sortable.min.js"></script>
    <script src="/static/js/starmap.js"></script>
    <script src="/static/js/default.js"></script>
    <script src="/static/js/npc.js"></script>
    <title>Spielerliste</title>
    <script>
        var gfx_path = '/assets';
    </script>
    <link rel="STYLESHEET" type="text/css" href="/static/css/schwarz.css">
    <link rel="STYLESHEET" type="text/css" href="/static/css/stu.css">
    <link rel="shortcut icon" href="/assets/favicon.ico">
</head>

<body onload="startUp();">
    <div id="popupWindow" class="popup" style="display: none;">
    <div id="popupContent"></div>
</div>
<script>
    appendJsAsync('/static/js/popup.js');
</script>
    <div class="container">
        <div class="header">
            <div onclick="goToUrl('/maindesk.php'); return false;" class="header_box header_box_user border_box action">
                <img style="width: 30px; height: 30px;" src="/assets/buttons/b_from1.png" title="Zur&uuml;ck zu Spielmodus">
                <br>
                <span style="color: orange; font-size: 150%;">Klick f&uuml;hrt zur&uuml;ck aufs Maindesk</span>
            </div>
            <div class="header_box header_box_logout border_box action" onclick="goToUrl('/game.php?B_LOGOUT=1')" onmouseover="cp('header_menu_logout','navigation/menu_logout1', 'png')" onmouseout="cp('header_menu_logout','navigation/menu_logout0', 'png')">
                <div>
                    <img style="width: 40px; height: 40px;" id="header_menu_logout" src="/assets/navigation/menu_logout0.png" title="Logout">
                    <div style="margin-top: 5px">Logout</div>
                </div>
            </div>
                        <div class="header_box header_box_help border_box action" onclick="openNewTab('https://wiki.change.me')" onmouseover="cp('header_menu_docu','navigation/menu_doku1', 'png')" onmouseout="cp('header_menu_docu','navigation/menu_doku0', 'png')">
                <div>
                    <img style="width: 40px; height: 40px;" id="header_menu_docu" src="/assets/navigation/menu_doku0.png" title="Wiki">
                    <div style="margin-top: 5px">Wiki</div>
                </div>
            </div>
                                    <div class="header_box header_box_help border_box action" onclick="openNewTab('https://board.change.me')" onmouseover="cp('header_menu_board','navigation/menu_scripts1', 'png')" onmouseout="cp('header_menu_board','navigation/menu_scripts0', 'png')">
                <div>
                    <img style="width: 40px; height: 40px;" id="header_menu_board" src="/assets/navigation/menu_scripts0.png" title="Forum">
                    <div style="margin-top: 5px">Forum</div>
                </div>
            </div>
                        <div class="header_box header_box_settings border_box action" onclick="goToUrl('options.php')" onmouseover="cp('header_menu_settings','navigation/menu_option1', 'png')" onmouseout="cp('header_menu_settings','navigation/menu_option0', 'png')">
                <div>
                    <img style="width: 40px; height: 40px;" id="header_menu_settings" src="/assets/navigation/menu_option0.png" title="Einstellungen">
                    <div style="margin-top: 5px">Einstellungen</div>
                </div>
            </div>
            <div class="headerBottom"> </div>
        </div>
        <div style="margin-top: 80px;">
            <div class="sidebar">
                                <div class="navigation_item border_box" onmousedown="if(event.button === 0) { window.location.href='/npc/?SHOW_TOOLS=1'; }" onmouseover="cp('nav_item_scripts','navigation/menu_scripts1', 'png')" onmouseout="cp('nav_item_scripts','navigation/menu_scripts0', 'png')">
    <a class="navitem_link" href="/npc/?SHOW_TOOLS=1">
        <img class="navitem_img" src="/assets/navigation/menu_scripts0.png" id="nav_item_scripts" title="NPC Tools">
        <div class="navitem_title">NPC Tools</div>
    </a>
</div>

<div class="navigation_item border_box" onmousedown="if(event.button === 0) { window.location.href='/npc/?SHOW_NPC_SETTINGS=1'; }" onmouseover="cp('nav_item_scripts','navigation/menu_scripts1', 'png')" onmouseout="cp('nav_item_scripts','navigation/menu_scripts0', 'png')">
    <a class="navitem_link" href="/npc/?SHOW_NPC_SETTINGS=1">
        <img class="navitem_img" src="/assets/navigation/menu_scripts0.png" id="nav_item_scripts" title="NPC Settings">
        <div class="navitem_title">NPC Settings</div>
    </a>
</div>

<div class="navigation_item border_box" onmousedown="if(event.button === 0) { window.location.href='/npc/?SHOW_NPC_LOG=1'; }" onmouseover="cp('nav_item_history','navigation/menu_history1', 'png')" onmouseout="cp('nav_item_history','navigation/menu_history0', 'png')">
    <a class="navitem_link" href="/npc/?SHOW_NPC_LOG=1">
        <img class="navitem_img" src="/assets/navigation/menu_history0.png" id="nav_item_history" title="NPC Log">
        <div class="navitem_title">NPC Log</div>
    </a>
</div>

<div class="navigation_item border_box" onmousedown="if(event.button === 0) { window.location.href='npc/?SHOW_PLAYER_LIST=1'; }" onmouseover="cp('nav_item_ally','navigation/menu_ally1', 'png')" onmouseout="cp('nav_item_ally','navigation/menu_ally0', 'png')">
    <a class="navitem_link" href="npc/?SHOW_PLAYER_LIST=1">
        <img class="navitem_img" src="/assets/navigation/menu_ally0.png" id="nav_item_ally" title="User">
        <div class="navitem_title">User</div>
    </a>
</div>


            </div>
            <div id="innerContent" class="innerContent">
                
<div class="box">
    <div class="box_title" style="text-align: left">/
                <a href="/npc/?SHOW_PLAYER_LIST=1">
            Spielerliste
        </a>
                    </div>
</div>
<br>

<div id="result" style="display: none;">..</div>
<script src="/static/js/ally.js"></script>
<script src="/static/js/npc.js"></script>
<div class="userList">
                <div class="userListItem" style="width: 100% !important; max-width: 100% !important; grid-template-columns: minmax(300px, 25%) minmax(200px, 25%) auto !important; display: grid !important;">
        <div style="display: flex; flex-direction: row;">
            <div style="margin-right: 10px;">
                <div class="userAvatar">
    <a href="/userprofile.php?uid=101">
                <img src="/assets/rassen//1kn.png" title="Siedler 101">
            </a>
</div>

            </div>
            <div>
                <div class="userListItemName">
                    Siedler 101 (101)
<img src="/assets/buttons/rpg0.png" title="Der Spieler hat seine Rollenspieleinstellung nicht gesetzt">

                </div>
                <div class="userListItemAllianceName">
                                                            <a href="/alliance.php?id=2">testally</a>
                                    </div>
                <div class="userListItemButtons">
                    <img src="/assets/rassen/1s.png">
                    <a href="/userprofile.php?uid=101" onmouseover="cp('MOCKED_UNIQUEID','buttons/info2', 'png');" onmouseout="cp('MOCKED_UNIQUEID','buttons/info1', 'png');"><img src="/assets/buttons/info1.png" name="MOCKED_UNIQUEID" title="Siedlerprofil ansehen"></a>

                    
                </div>
                <div class="userBoxDetailAddendum">
                    <div>
                        Spielt seit: 10.11.2024 15:44
                    </div>
                    <div class="player-details-form" id="detailsForm-101">
                        <div style="margin: 10px 0;">
                            <label for="reason-101">Grund f&uuml;r Einsicht:</label>
                            <input type="text" id="reason-101" name="reason" size="20" required>
                            <input type="submit" class="button" value="Details anzeigen" onclick="showPlayerDetails(101)">
                        </div>
                    </div>
                    <div class="player-details" id="playerDetails-101" style="display: none;">
                        <div>
                            <img title="Zuletzt online" src="/assets/buttons/time.png">
                            21.07.2394 11:30
                        </div>
                        <div>
                            <img src="/assets/navigation/menu_ships0.png" height="20" width="20" title="Crew auf Schiffen/Stationen">
                            <span>34</span> / <span>10</span>
                            <img src="/assets/bev/bev_free_5_1.png" height="20" width="20" title="globales Crewlimit">
                        </div>
                        <div>STATUS:
                            <span style="color: greenyellow;">AKTIV</span>
                        </div>
                    </div>
                </div>
            </div>
        </div>
        <div id="playerColonies-101" class="player-colonies player-details-section" style="display: none; flex-wrap: wrap; align-items: center; padding-left: 10px;">
                                                
            <img src="/assets/planets/201.png" title="Kolonieinformationen: Stempor'Arr 4
Koordinaten: 7|11
System: Stempor'Arr-System (7|8)" style="margin: 2px;">
                    </div>
        <div id="playerShips-101" class="player-ships player-details-section" style="display: none; padding-left: 10px;">
                        <div style="display: inline-block; padding-left: 10px; text-align: center; margin-bottom: 5px;">
                2 Energienetz<br>
                <a href="javascript:void(0);" onclick="showNPCMemberRumpInfo(this, 101, 9);">
                    <img src="/assets/ships/9.png" title="Energienetz (Klick f&uuml;r Details)">
                </a>
            </div>
                        <div style="display: inline-block; padding-left: 10px; text-align: center; margin-bottom: 5px;">
                1 Workbee<br>
                <a href="javascript:void(0);" onclick="showNPCMemberRumpInfo(this, 101, 161);">
                    <img src="/assets/ships/161.png" title="Workbee (Klick f&uuml;r Details)">
                </a>
            </div>
                        <div style="display: inline-block; padding-left: 10px; text-align: center; margin-bottom: 5px;">
                4 Tholianisches Netzschiff<br>
                <a href="javascript:void(0);" onclick="showNPCMemberRumpInfo(this, 101, 3107);">
                    <img src="/assets/ships/3107.png" title="Tholianisches Netzschiff (Klick f&uuml;r Details)">
                </a>
            </div>
                        <div style="display: inline-block; padding-left: 10px; text-align: center; margin-bottom: 5px;">
                4 Aerie<br>
                <a href="javascript:void(0);" onclick="showNPCMemberRumpInfo(this, 101, 6501);">
                    <img src="/assets/ships/6501.png" title="Aerie (Klick f&uuml;r Details)">
                </a>
            </div>
                        <div style="display: inline-block; padding-left: 10px; text-align: center; margin-bottom: 5px;">
                1 Au&szlig;enposten<br>
                <a href="javascript:void(0);" onclick="showNPCMemberRumpInfo(this, 101, 10053);">
                    <img src="/assets/ships/10053.png" title="Au&szlig;enposten (Klick f&uuml;r Details)">
                </a>
            </div>
                    </div>
    </div>
                <div class="userListItem" style="width: 100% !important; max-width: 100% !important; grid-template-columns: minmax(300px, 25%) minmax(200px, 25%) auto !important; display: grid !important;">
        <div style="display: flex; flex-direction: row;">
            <div style="margin-right: 10px;">
                <div class="userAvatar">
    <a href="/userprofile.php?uid=102">
                <img src="/assets/rassen//1kn.png" title="Siedler 102">
            </a>
</div>

            </div>
            <div>
                <div class="userListItemName">
                    Siedler 102 (102)
<img src="/assets/buttons/rpg0.png" title="Der Spieler hat seine Rollenspieleinstellung nicht gesetzt">

                </div>
                <div class="userListItemAllianceName">
                                                            <span>-</span>
                                    </div>
                <div class="userListItemButtons">
                    <img src="/assets/rassen/1s.png">
                    <a href="/userprofile.php?uid=102" onmouseover="cp('MOCKED_UNIQUEID','buttons/info2', 'png');" onmouseout="cp('MOCKED_UNIQUEID','buttons/info1', 'png');"><img src="/assets/buttons/info1.png" name="MOCKED_UNIQUEID" title="Siedlerprofil ansehen"></a>

                    <a href="javascript:void(0);" onmouseover="cp('MOCKED_UNIQUEID','buttons/msg2', 'png');" onmouseout="cp('MOCKED_UNIQUEID','buttons/msg1', 'png');" onclick="hidePopup(); openPmWindow(101, 102, 1,1);"><img src="/assets/buttons/msg1.png" name="MOCKED_UNIQUEID" title="Nachricht senden"></a>

                </div>
                <div class="userBoxDetailAddendum">
                    <div>
                        Spielt seit: 10.11.2024 15:47
                    </div>
                    <div class="player-details-form" id="detailsForm-102">
                        <div style="margin: 10px 0;">
                            <label for="reason-102">Grund f&uuml;r Einsicht:</label>
                            <input type="text" id="reason-102" name="reason" size="20" required>
                            <input type="submit" class="button" value="Details anzeigen" onclick="showPlayerDetails(102)">
                        </div>
                    </div>
                    <div class="player-details" id="playerDetails-102" style="display: none;">
                        <div>
                            <img title="Zuletzt online" src="/assets/buttons/time.png">
                            21.07.2394 11:30
                        </div>
                        <div>
                            <img src="/assets/navigation/menu_ships0.png" height="20" width="20" title="Crew auf Schiffen/Stationen">
                            <span>0</span> / <span>0</span>
                            <img src="/assets/bev/bev_free_5_1.png" height="20" width="20" title="globales Crewlimit">
                        </div>
                        <div>STATUS:
                            <span style="color: greenyellow;">AKTIV</span>
                        </div>
                    </div>
                </div>
            </div>
        </div>
        <div id="playerColonies-102" class="player-colonies player-details-section" style="display: none; flex-wrap: wrap; align-items: center; padding-left: 10px;">
                    </div>
        <div id="playerShips-102" class="player-ships player-details-section" style="display: none; padding-left: 10px;">
                        <div style="display: inline-block; padding-left: 10px; text-align: center; margin-bottom: 5px;">
                1 Aerie<br>
                <a href="javascript:void(0);" onclick="showNPCMemberRumpInfo(this, 102, 6501);">
                    <img src="/assets/ships/6501.png" title="Aerie (Klick f&uuml;r Details)">
                </a>
            </div>
                        <div style="display: inline-block; padding-left: 10px; text-align: center; margin-bottom: 5px;">
                1 Au&szlig;enposten<br>
                <a href="javascript:void(0);" onclick="showNPCMemberRumpInfo(this, 102, 10053);">
                    <img src="/assets/ships/10053.png" title="Au&szlig;enposten (Klick f&uuml;r Details)">
                </a>
            </div>
                    </div>
    </div>
                <div class="userListItem" style="width: 100% !important; max-width: 100% !important; grid-template-columns: minmax(300px, 25%) minmax(200px, 25%) auto !important; display: grid !important;">
        <div style="display: flex; flex-direction: row;">
            <div style="margin-right: 10px;">
                <div class="userAvatar">
    <a href="/userprofile.php?uid=103">
                <img src="/assets/rassen//1kn.png" title="User with Coloship">
            </a>
</div>

            </div>
            <div>
                <div class="userListItemName">
                    User with Coloship (103)
<img src="/assets/buttons/rpg0.png" title="Der Spieler hat seine Rollenspieleinstellung nicht gesetzt">

                </div>
                <div class="userListItemAllianceName">
                                                            <span>-</span>
                                    </div>
                <div class="userListItemButtons">
                    <img src="/assets/rassen/1s.png">
                    <a href="/userprofile.php?uid=103" onmouseover="cp('MOCKED_UNIQUEID','buttons/info2', 'png');" onmouseout="cp('MOCKED_UNIQUEID','buttons/info1', 'png');"><img src="/assets/buttons/info1.png" name="MOCKED_UNIQUEID" title="Siedlerprofil ansehen"></a>

                    <a href="javascript:void(0);" onmouseover="cp('MOCKED_UNIQUEID','buttons/msg2', 'png');" onmouseout="cp('MOCKED_UNIQUEID','buttons/msg1', 'png');" onclick="hidePopup(); openPmWindow(101, 103, 1,1);"><img src="/assets/buttons/msg1.png" name="MOCKED_UNIQUEID" title="Nachricht senden"></a>

                </div>
                <div class="userBoxDetailAddendum">
                    <div>
                        Spielt seit: 19.07.2009 20:45
                    </div>
                    <div class="player-details-form" id="detailsForm-103">
                        <div style="margin: 10px 0;">
                            <label for="reason-103">Grund f&uuml;r Einsicht:</label>
                            <input type="text" id="reason-103" name="reason" size="20" required>
                            <input type="submit" class="button" value="Details anzeigen" onclick="showPlayerDetails(103)">
                        </div>
                    </div>
                    <div class="player-details" id="playerDetails-103" style="display: none;">
                        <div>
                            <img title="Zuletzt online" src="/assets/buttons/time.png">
                            21.07.2394 11:30
                        </div>
                        <div>
                            <img src="/assets/navigation/menu_ships0.png" height="20" width="20" title="Crew auf Schiffen/Stationen">
                            <span>0</span> / <span>0</span>
                            <img src="/assets/bev/bev_free_5_1.png" height="20" width="20" title="globales Crewlimit">
                        </div>
                        <div>STATUS:
                            <span style="color: #dddddd;">KOLONISATIONS SCHIFF</span>
                        </div>
                    </div>
                </div>
            </div>
        </div>
        <div id="playerColonies-103" class="player-colonies player-details-section" style="display: none; flex-wrap: wrap; align-items: center; padding-left: 10px;">
                    </div>
        <div id="playerShips-103" class="player-ships player-details-section" style="display: none; padding-left: 10px;">
                        <div style="display: inline-block; padding-left: 10px; text-align: center; margin-bottom: 5px;">
                1 Aerie<br>
                <a href="javascript:void(0);" onclick="showNPCMemberRumpInfo(this, 103, 6501);">
                    <img src="/assets/ships/6501.png" title="Aerie (Klick f&uuml;r Details)">
                </a>
            </div>
                    </div>
    </div>
    </div>
            </div>
        </div>
    </div>
    
</body>

</html>
