<html lang="de">

<head>
  <script src="/static/js/default.js"></script>
</head>

<body>
  <div class="ajaxwin">
        <table class="tcal">
      <tr>
        <th onmouseover="switch_drag_on();" onmouseout="switch_drag_off();">Neue Sandbox erstellen</th>
        <th style="width: 18px;">
          <a href="javascript:void(0);" onclick="closeAjaxWindow();" onmouseover="cp('ajaxclose','buttons/x2');" onmouseout="cp('ajaxclose','buttons/x1');">
            <img src="/assets/buttons/x1.png" name="ajaxclose" title="Fenster schlie&Atilde;&#159;en">
          </a>
        </th>
      </tr>
    </table>
        <div>
    <form action="/admin/index.php" method="post" onkeydown="return event.key != 'Enter';">
        <input type="hidden" name="sstr" value="MOCKED_SESSIONSTRING">
        <table class="tcal">
            <tr>
                <th>Sandbox f&Atilde;&frac14;r folgende Kolonie</th>
                <td>
                    <select name="cid">
                                                <option value="42">Stempor'Arr 4 7|11 (Stempor'Arr-System)</option>
                                            </select>
                </td>
            </tr>
            <tr>
                <th>Name der Sandbox</th>
                <td>
                    <input type="text" style="width: 250px" name="name" value="SANDBOX 21 Nov 2024">
                </td>
            </tr>
            <tr>
                <td colspan="2" style="text-align: center;">
                    <input type="submit" class="button" name="B_CREATE_SANDBOX" value="Sandbox erstellen">
                </td>
            </tr>
        </table>
    </form>
</div>
      </div>
  </body>

</html>
