<!DOCTYPE html>
<html xmlns="http://www.w3.org/1999/xhtml" xmlns:stu="stu">


<head>
    <meta charset="utf-8">
    <meta name="theme-color" content="#121220">
    <script src="/static/js/prototype.js"></script>
    <script src="/static/js/scriptaculous/scriptaculous.js"></script>
    <script src="/static/js/starmap.js"></script>
    <script src="/static/js/default.js"></script>
    <title>NPC Log</title>
    <script>
        var gfx_path = '/assets';
    </script>
    <script src="/static/js/overlib.js"></script>
    <script src="/static/js/drag.js"></script>
    <script src="/static/js/overlib_exclusive.js"></script>
    <link rel="STYLESHEET" type="text/css" href="/static/css/schwarz.css">
    <link rel="STYLESHEET" type="text/css" href="/static/css/stu.css">
    <link rel="shortcut icon" href="/assets/favicon.ico">


</head>
<body onload="startUp();">
    <div id="overDiv">...</div>
    <div class="container">
        <div class="header">
            <div id="navlet_user">
                <div class="header_box header_box_user border_box action" onclick="goToUrl('/maindesk.php'); return false;">
    <div style="margin: 5px">
        <div class="user_box_grid">
            <div class="user_box_avatar" onclick="event.stopPropagation();">
                                <div class="userAvatar">
    <a href="/userprofile.php?uid=101">
                <img src="/assets/rassen//1kn.png" title="Siedler 101">
            </a>
</div>

            </div>
            <div class="user_box_avatar_mobile">
                                <div class="userAvatar">
    <a href="/userprofile.php?uid=101">
                <img src="/assets/rassen//1kn.png" title="Siedler 101">
            </a>
</div>

            </div>
            <div class="user_box_details">
                <div class="userBoxDetailName">
                    Siedler 101
                </div>
                <span>ID:</span> 101<span>,
                    Prestige:</span> <br>

                <a href="javascript:void(0);" onclick="event.stopPropagation(); openNotes()" title="Notizzettel &ouml;ffnen" onmouseover="cp('headerNotiz','buttons/notiz2')" onmouseout="cp('headerNotiz','buttons/notiz1')">
                    <img src="/assets/buttons/notiz1.png" name="headerNotiz">
                </a>
                <a href="javascript:void(0);" onclick="event.stopPropagation(); switchInnerContent('WRITE_PM', 'Neue private Nachricht', null, '/pm.php');" onmouseover="cp('writePm','buttons/msg2')" onmouseout="cp('writePm','buttons/msg1')">
                    <img src="/assets/buttons/msg1.png" name="writePm" title="Neue Nachricht schreiben">
                </a>
            </div>
        </div>
    </div>
</div>
            </div>
            <div id="navlet_pm">
                <div class="header_box header_box_pm border_box">
    </div>
            </div>
            <div id="navlet_research">
                            </div>
            <div id="navlet_colonies">
                
<div class="header_box header_box_col border_box">
    </div>
            </div>
            <div class="header_box header_box_logout border_box action" onclick="goToUrl('game.php?B_LOGOUT=1')" onmouseover="cp('header_menu_logout','navigation/menu_logout1', 'png')" onmouseout="cp('header_menu_logout','navigation/menu_logout0', 'png')">
                <div>
                    <img style="width: 40px; height: 40px;" id="header_menu_logout" src="/assets/navigation/menu_logout0.png" title="Logout">
                    <div style="margin-top: 5px">Logout</div>
                </div>
            </div>
                        <div class="header_box header_box_help border_box action" onclick="openNewTab('https://wiki.change.me')" onmouseover="cp('header_menu_docu','navigation/menu_doku1', 'png')" onmouseout="cp('header_menu_docu','navigation/menu_doku0', 'png')">
                <div>
                    <img style="width: 40px; height: 40px;" id="header_menu_docu" src="/assets/navigation/menu_doku0.png" title="Wiki">
                    <div style="margin-top: 5px">Wiki</div>
                </div>
            </div>
                                    <div class="header_box header_box_help border_box action" onclick="openNewTab('https://board.change.me')" onmouseover="cp('header_menu_board','navigation/menu_scripts1', 'png')" onmouseout="cp('header_menu_board','navigation/menu_scripts0', 'png')">
                <div>
                    <img style="width: 40px; height: 40px;" id="header_menu_board" src="/assets/navigation/menu_scripts0.png" title="Forum">
                    <div style="margin-top: 5px">Forum</div>
                </div>
            </div>
                        <div class="header_box header_box_settings border_box action" onclick="goToUrl('options.php')" onmouseover="cp('header_menu_settings','navigation/menu_option1', 'png')" onmouseout="cp('header_menu_settings','navigation/menu_option0', 'png')">
                <div>
                    <img style="width: 40px; height: 40px;" id="header_menu_settings" src="/assets/navigation/menu_option0.png" title="Einstellungen">
                    <div style="margin-top: 5px">Einstellungen</div>
                </div>
            </div>
            <div class="headerBottom"> </div>
        </div>
        <div style="margin-top: 80px;">
            <div class="sidebar">
                <div style="width: 100%; padding-left: 12px; padding-right: 10px">
                                        <div class="navigation_item border_box" onmousedown="if(event.button === 0) { window.location.href='/npc/?SHOW_TOOLS=1'; }" onmouseover="cp('nav_item_scripts','navigation/menu_scripts1', 'png')" onmouseout="cp('nav_item_scripts','navigation/menu_scripts0', 'png')">
    <a class="navitem_link" href="/npc/?SHOW_TOOLS=1">
        <img class="navitem_img" src="/assets/navigation/menu_scripts0.png" id="nav_item_scripts" title="NPC Tools">
        <div class="navitem_title">NPC Tools</div>
    </a>
</div>

<div class="navigation_item border_box" onmousedown="if(event.button === 0) { window.location.href='/npc/?SHOW_NPC_LOG=1'; }" onmouseover="cp('nav_item_history','navigation/menu_history1', 'png')" onmouseout="cp('nav_item_history','navigation/menu_history0', 'png')">
    <a class="navitem_link" href="/npc/?SHOW_NPC_LOG=1">
        <img class="navitem_img" src="/assets/navigation/menu_history0.png" id="nav_item_history" title="NPC Log">
        <div class="navitem_title">NPC Log</div>
    </a>
</div>


                    <div id="navlet_servertime">
                        <div class="border_box navigation_item_servertime">
    <img title="Serverzeit" style="width: 15px; height: 15px;" src="/assets/buttons/time.png">
    <span id="servertime" style="display: none;">Nov, 21 2024 14:30:45</span>
    <span>Runde: <br>
        <span>Version: <a href="https://board.change.me/viewforum.php?f=12"></a></span><br>
</span>
</div>
                    </div>
                </div>
            </div>
            <div id="innerContent" class="innerContent">
                <div class="box">
    <div class="box_title" style="text-align: left">/
                <a href="/npc/?SHOW_NPC_LOG=1">
            NPC Log
        </a>
                    </div>
</div>
<br>
<div id="result" style="display: none;">..</div>
<div class="tcal">
            <p>Keine Logs vorhanden</p>
    </div>
            </div>
        </div>
    </div>
    </body>

</html>
