<!DOCTYPE html>
<html xmlns="http://www.w3.org/1999/xhtml" xmlns:stu="stu">


<head>
    <meta charset="utf-8">
    <meta name="theme-color" content="#121220">
    <script src="/static/js/prototype.js"></script>
    <script src="/static/js/scriptaculous/scriptaculous.js"></script>
    <script>
        var userDeals = 0;
    </script>
    <script src="/static/js/default.js"></script>
    <script src="/static/js/colony.js"></script>
    <script src="/static/js/comm.js"></script>
    <script src="/static/js/database.js"></script>
    <script src="/static/js/profile.js"></script>
    <script src="/static/js/ship.js"></script>
    <script src="/static/js/shipmanagement.js"></script>
    <script src="/static/js/starmap.js"></script>
    <script src="/static/js/station.js"></script>
    <script src="/static/js/trade.js"></script>
    <script src="/static/js/tutorial.js"></script>
    <title>Stempor'Arr 4 Orbit</title>
    <script>
        var gfx_path = '/assets';
    </script>
    <script src="/static/js/overlib.js"></script>
    <script src="/static/js/drag.js"></script>
    <script src="/static/js/overlib_exclusive.js"></script>
    <link rel="STYLESHEET" type="text/css" href="/static/css/schwarz.css">
    <link rel="STYLESHEET" type="text/css" href="/static/css/stu.css">
    <link rel="shortcut icon" href="/assets/favicon.ico">


</head>
<body onload="startUp();">
    <div id="overDiv">...</div>
    <div class="container">
        <div class="header">
            <div id="navlet_user">
                <div class="header_box header_box_user border_box action" onclick="goToUrl('/maindesk.php'); return false;">
    <div style="margin: 5px">
        <div class="user_box_grid">
            <div class="user_box_avatar" onclick="event.stopPropagation();">
                                <div class="userAvatar">
    <a href="/userprofile.php?uid=101">
                <img src="/assets/rassen//1kn.png" title="Siedler 101">
            </a>
</div>

            </div>
            <div class="user_box_avatar_mobile">
                                <div class="userAvatar">
    <a href="/userprofile.php?uid=101">
                <img src="/assets/rassen//1kn.png" title="Siedler 101">
            </a>
</div>

            </div>
            <div class="user_box_details">
                <div class="userBoxDetailName">
                    Siedler 101
                </div>
                <span>ID:</span> 101<span>,
                    Prestige:</span> 0<br>

                <a href="javascript:void(0);" onclick="event.stopPropagation(); openNotes()" title="Notizzettel &ouml;ffnen" onmouseover="cp('headerNotiz','buttons/notiz2')" onmouseout="cp('headerNotiz','buttons/notiz1')">
                    <img src="/assets/buttons/notiz1.png" name="headerNotiz">
                </a>
                <a href="javascript:void(0);" onclick="event.stopPropagation(); switchInnerContent('WRITE_PM', 'Neue private Nachricht', null, '/pm.php');" onmouseover="cp('writePm','buttons/msg2')" onmouseout="cp('writePm','buttons/msg1')">
                    <img src="/assets/buttons/msg1.png" name="writePm" title="Neue Nachricht schreiben">
                </a>
            </div>
        </div>
    </div>
</div>
            </div>
            <div id="navlet_pm">
                <div class="header_box header_box_pm border_box">
        <a href="pm.php?pmcat=4778">
        <div style="width: 30px; height: 100%; margin: 7px 5px 7px 5px; text-align: center; float: left" class="action">
                                    <img src="/assets/buttons/pmnavlet_1_0.png" width="30" height="30" id="newpm1" title="Pers&ouml;nlich" onmouseover="cp(this.id,'buttons/pmnavlet_1_1', 'png')" onmouseout="cp(this.id,'buttons/pmnavlet_1_0', 'png')">
            <div style="margin-top: 5px">0</div>
                    </div>
    </a>
        <a href="pm.php?pmcat=4779">
        <div style="width: 30px; height: 100%; margin: 7px 5px 7px 5px; text-align: center; float: left" class="action">
                                    <img src="/assets/buttons/pmnavlet_2_0.png" width="30" height="30" id="newpm2" title="Schiffe" onmouseover="cp(this.id,'buttons/pmnavlet_2_1', 'png')" onmouseout="cp(this.id,'buttons/pmnavlet_2_0', 'png')">
            <div style="margin-top: 5px">0</div>
                    </div>
    </a>
        <a href="pm.php?pmcat=4780">
        <div style="width: 30px; height: 100%; margin: 7px 5px 7px 5px; text-align: center; float: left" class="action">
                                    <img src="/assets/buttons/pmnavlet_3_0.png" width="30" height="30" id="newpm3" title="Kolonien" onmouseover="cp(this.id,'buttons/pmnavlet_3_1', 'png')" onmouseout="cp(this.id,'buttons/pmnavlet_3_0', 'png')">
            <div style="margin-top: 5px">0</div>
                    </div>
    </a>
        <a href="pm.php?pmcat=4781">
        <div style="width: 30px; height: 100%; margin: 7px 5px 7px 5px; text-align: center; float: left" class="action">
                                    <img src="/assets/buttons/pmnavlet_4_0.png" width="30" height="30" id="newpm4" title="Handel" onmouseover="cp(this.id,'buttons/pmnavlet_4_1', 'png')" onmouseout="cp(this.id,'buttons/pmnavlet_4_0', 'png')">
            <div style="margin-top: 5px">0</div>
                    </div>
    </a>
        <a href="pm.php?pmcat=4782">
        <div style="width: 30px; height: 100%; margin: 7px 5px 7px 5px; text-align: center; float: left" class="action">
                                    <img src="/assets/buttons/pmnavlet_5_0.png" width="30" height="30" id="newpm5" title="Systemmeldungen" onmouseover="cp(this.id,'buttons/pmnavlet_5_1', 'png')" onmouseout="cp(this.id,'buttons/pmnavlet_5_0', 'png')">
            <div style="margin-top: 5px">0</div>
                    </div>
    </a>
    </div>
            </div>
            <div id="navlet_research">
                <div>
        <div class="header_box header_box_research border_box action" onmouseover="cp('header_menu_research','navigation/menu_forsch1', 'png')" onmouseout="cp('header_menu_research','navigation/menu_forsch0', 'png')">
    <a href="/research.php" onclick="if(event.button === 0) { switchInnerContent('', '', '', '/research.php'); event.preventDefault(); }" style="display: block; text-decoration: none; color: inherit;">
        <img style="width: 40px; height: 40px;" src="/assets/navigation/menu_forsch0.png" id="header_menu_research" title="Forschung">
        <div style="margin-top: 5px">Keine Forschung</div>
    </a>
</div>
    </div>
            </div>
            <div id="navlet_colonies">
                
<div class="header_box header_box_col border_box">
                    
        <a href="/colony.php?id=42" onclick="if(event.button === 0) { switchInnerContent('SHOW_COLONY', 'Stempor&amp;#039;Arr 4', 'id=42', '/colony.php'); event.preventDefault(); }" style="margin: 7px 5px 7px 5px; text-align: center; float: left" class="action" onmouseover="return overlib('\u003Ctable\u0020class\u003D\u0027tcal\u0027\u003E\u003Ctr\u003E\u003Cth\u003EKolonieinformationen\u003A\u0020Stempor\u0027Arr\u00204\u003C\/th\u003E\u003C\/tr\u003E\u003Ctr\u003E\u003Ctd\u003EKoordinaten\u003A\u00207\u007C11\u003Cbr\u003ESystem\u003A\u0020Stempor\u0027Arr\u002DSystem\u0020\u00287\u007C8\u0029\u003Cbr\u003EEPS\u003A\u002096\/96\u003Cbr\u003ELager\u003A\u0020700\/1000\u003C\/td\u003E\u003C\/tr\u003E\u003C\/table\u003E', CAPTION, '', CLOSETEXT, 'X', CLOSECOLOR, '#8897cf', TEXTCOLOR, '#000000', CELLPAD, 4);" onmouseout="return nd();">
        <img src="/assets/planets/201.png">
    </a>
        </div>
            </div>
            <div id="nagus">
            </div>
            <div class="header_box header_box_logout border_box action" onclick="goToUrl('game.php?B_LOGOUT=1')" onmouseover="cp('header_menu_logout','navigation/menu_logout1', 'png')" onmouseout="cp('header_menu_logout','navigation/menu_logout0', 'png')">
                <div>
                    <img style="width: 40px; height: 40px;" id="header_menu_logout" src="/assets/navigation/menu_logout0.png" title="Logout">
                    <div style="margin-top: 5px">Logout</div>
                </div>
            </div>
                        <div class="header_box header_box_help border_box action" onclick="openNewTab('https://wiki.change.me')" onmouseover="cp('header_menu_docu','navigation/menu_doku1', 'png')" onmouseout="cp('header_menu_docu','navigation/menu_doku0', 'png')">
                <div>
                    <img style="width: 40px; height: 40px;" id="header_menu_docu" src="/assets/navigation/menu_doku0.png" title="Wiki">
                    <div style="margin-top: 5px">Wiki</div>
                </div>
            </div>
                                    <div class="header_box header_box_help border_box action" onclick="openNewTab('https://board.change.me')" onmouseover="cp('header_menu_board','navigation/menu_scripts1', 'png')" onmouseout="cp('header_menu_board','navigation/menu_scripts0', 'png')">
                <div>
                    <img style="width: 40px; height: 40px;" id="header_menu_board" src="/assets/navigation/menu_scripts0.png" title="Forum">
                    <div style="margin-top: 5px">Forum</div>
                </div>
            </div>
                        <div class="header_box header_box_settings border_box action" onmouseover="cp('header_menu_settings','navigation/menu_option1', 'png')" onmouseout="cp('header_menu_settings','navigation/menu_option0', 'png')">
                <a href="options.php" onclick="if(event.button === 0) { switchInnerContent('', '', '', '/options.php'); event.preventDefault(); }" style="display: block; text-decoration: none; color: inherit;">
                    <div>
                        <img style="width: 40px; height: 40px;" id="header_menu_settings" src="/assets/navigation/menu_option0.png" title="Einstellungen">
                        <div style="margin-top: 5px">Einstellungen</div>
                    </div>
                </a>
            </div>
            <div class="headerBottom"> </div>
        </div>
        <div style="margin-top: 80px;">
            <div class="sidebar">
                <div style="width: 100%; padding-left: 12px; padding-right: 10px">
                                        <a class="navitem_link" href="colony.php" onclick="if(event.button === 0) { switchView('colony', 'Kolonien', 'colony.php'); event.preventDefault(); }">
<div class="navigation_item border_box" onmouseover="cp('nav_item_planets','navigation/menu_planets1', 'png')" onmouseout="cp('nav_item_planets','navigation/menu_planets0', 'png')">
        <img class="navitem_img" src="/assets/navigation/menu_planets0.png" id="nav_item_planets" title="Kolonien">
        <div class="navitem_title">Kolonien</div>
</div>
</a>

<a class="navitem_link" href="ship.php" onclick="if(event.button === 0) { switchView('ship', 'Schiffe', 'ship.php'); event.preventDefault(); }">
<div class="navigation_item border_box" onmouseover="cp('nav_item_ships','navigation/menu_ships1', 'png')" onmouseout="cp('nav_item_ships','navigation/menu_ships0', 'png')">
        <img class="navitem_img" src="/assets/navigation/menu_ships0.png" id="nav_item_ships" title="Schiffe">
        <div class="navitem_title">Schiffe</div>
</div>
</a>

<a class="navitem_link" href="comm.php" onclick="if(event.button === 0) { switchView('comm', 'KommNet', 'comm.php'); event.preventDefault(); }">
<div class="navigation_item border_box" onmouseover="cp('nav_item_comm','navigation/menu_comm1', 'png')" onmouseout="cp('nav_item_comm','navigation/menu_comm0', 'png')">
        <img class="navitem_img" src="/assets/navigation/menu_comm0.png" id="nav_item_comm" title="KommNet">
        <div class="navitem_title">KommNet</div>
</div>
</a>

<a class="navitem_link" href="pm.php" onclick="if(event.button === 0) { switchView('pm', 'Nachrichten', 'pm.php'); event.preventDefault(); }">
<div class="navigation_item border_box" onmouseover="cp('nav_item_msg','navigation/menu_msg1', 'png')" onmouseout="cp('nav_item_msg','navigation/menu_msg0', 'png')">
        <img class="navitem_img" src="/assets/navigation/menu_msg0.png" id="nav_item_msg" title="Nachrichten">
        <div class="navitem_title">Nachrichten</div>
</div>
</a>

<a class="navitem_link" href="research.php" onclick="if(event.button === 0) { switchView('research', 'Forschung', 'research.php'); event.preventDefault(); }">
<div class="navigation_item border_box" onmouseover="cp('nav_item_forsch','navigation/menu_forsch1', 'png')" onmouseout="cp('nav_item_forsch','navigation/menu_forsch0', 'png')">
        <img class="navitem_img" src="/assets/navigation/menu_forsch0.png" id="nav_item_forsch" title="Forschung">
        <div class="navitem_title">Forschung</div>
</div>
</a>

<a class="navitem_link" href="trade.php" onclick="if(event.button === 0) { switchView('trade', 'Handel', 'trade.php'); event.preventDefault(); }">
<div class="navigation_item border_box" onmouseover="cp('nav_item_trade','navigation/menu_trade1', 'png')" onmouseout="cp('nav_item_trade','navigation/menu_trade0', 'png')">
        <img class="navitem_img" src="/assets/navigation/menu_trade0.png" id="nav_item_trade" title="Handel">
        <div class="navitem_title">Handel</div>
</div>
</a>

<a class="navitem_link" href="alliance.php" onclick="if(event.button === 0) { switchView('alliance', 'Allianz', 'alliance.php'); event.preventDefault(); }">
<div class="navigation_item border_box" onmouseover="cp('nav_item_ally','navigation/menu_ally1', 'png')" onmouseout="cp('nav_item_ally','navigation/menu_ally0', 'png')">
        <img class="navitem_img" src="/assets/navigation/menu_ally0.png" id="nav_item_ally" title="Allianz">
        <div class="navitem_title">Allianz</div>
</div>
</a>

<a class="navitem_link" href="database.php" onclick="if(event.button === 0) { switchView('database', 'Datenbank', 'database.php'); event.preventDefault(); }">
<div class="navigation_item border_box" onmouseover="cp('nav_item_data','navigation/menu_data1', 'png')" onmouseout="cp('nav_item_data','navigation/menu_data0', 'png')">
        <img class="navitem_img" src="/assets/navigation/menu_data0.png" id="nav_item_data" title="Datenbank">
        <div class="navitem_title">Datenbank</div>
</div>
</a>

<a class="navitem_link" href="history.php" onclick="if(event.button === 0) { switchView('history', 'Ereignisse', 'history.php'); event.preventDefault(); }">
<div class="navigation_item border_box" onmouseover="cp('nav_item_history','navigation/menu_history1', 'png')" onmouseout="cp('nav_item_history','navigation/menu_history0', 'png')">
        <img class="navitem_img" src="/assets/navigation/menu_history0.png" id="nav_item_history" title="Ereignisse">
        <div class="navitem_title">Ereignisse</div>
</div>
</a>

<a class="navitem_link" href="starmap.php" onclick="if(event.button === 0) { switchView('starmap', 'Karte', 'starmap.php'); event.preventDefault(); }">
<div class="navigation_item border_box" onmouseover="cp('nav_item_map','navigation/menu_map1', 'png')" onmouseout="cp('nav_item_map','navigation/menu_map0', 'png')">
        <img class="navitem_img" src="/assets/navigation/menu_map0.png" id="nav_item_map" title="Karte">
        <div class="navitem_title">Karte</div>
</div>
</a>


                    <div id="navlet_servertime">
                        <div class="border_box navigation_item_servertime">
    <img title="Serverzeit" style="width: 15px; height: 15px;" src="/assets/buttons/time.png">
    <span id="servertime" style="display: none;">Nov, 21 2024 14:30:45</span>
    <span>Runde: 1<br>
        <span>Version: <a href="https://board.change.me/viewforum.php?f=12">dev</a></span><br>
</span>
</div>
                    </div>
                </div>
            </div>
            <div id="innerContent" class="innerContent">
                <div class="box">
    <div class="box_title" style="text-align: left">/
                <a href="colony.php">
            Kolonien
        </a>
                <span> / </span>
                        <a href="?SHOW_COLONY=1&amp;id=42">
            Stempor'Arr 4
        </a>
                <span> / </span>
                        <a href="?SHOW_SHIP_MANAGEMENT=1&amp;id=42">
            Orbitalmanagement
        </a>
                    </div>
</div>
<br>
<div id="result" style="display: none;">..</div>
<form action="colony.php" method="post" name="colmanform">
  
<input type="hidden" name="id" value="42">
<input type="hidden" name="sstr" value="MOCKED_SESSIONSTRING">
<input type="hidden" name="SHOW_SHIP_MANAGEMENT" value="1">
<table class="tcal">
  <tr>
    <th>Klasse</th>
    <th>Name</th>
    <th>Crew</th>
    <th>Batterie</th>
    <th>Warpkern</th>
    <th>Torpedo-Transfer</th>
    <th>Shuttle-Transfer</th>
  </tr>
  </table>
<br>
<input type="submit" style="cursor: pointer" name="B_MANAGE_SHIPS" value="Ausf&uuml;hren">
</form>
<div class="footer">
    Rendered in 4.203s - Memory usage: 42.77Mb
</div>
<script>
            updateComponent('navlet_pm', '/game.php?SHOW_COMPONENT=1&component=pm', 60000);
                updateComponent('navlet_servertime', '/game.php?SHOW_COMPONENT=1&component=servertime', 300000);
        </script>
                <script>
                    window.addEventListener("popstate", function (e) {
                        window.location.reload();
                    });
                </script>
            </div>
        </div>
    </div>
</body>

</html>
