<html>

<head>
    <meta charset="utf-8">
</head>

<body>
<div class="box">
    <div class="box_title" style="text-align: left">/
                <a href="database.php">
            Datenbank
        </a>
                <span> / </span>
                        <a href="database.php?SHOW_COLONY_PRODUCTION_WORTH=1">
            Die Top 10 der Produzenten
        </a>
                    </div>
</div>
<br>
<div id="result" style="display: none;">..</div>

<div class="statisticsToplist">
    <div>
        <ul class="statistics">
                    </ul>
    </div>
    <div>
        <h1>Produzenten</h1>
        <p>In dieser Liste werden die 10 Spieler mit der ergiebigsten Produktion im Spiel aufgef&uuml;hrt.
        </p>
        <p>Der Wert aller produzierter Waren von s&auml;mtlichen Kolonien wird aufsummiert und in Relation zu
            allen Spielern gesetzt.
            Der Punktestand kann jeden Tick variieren.</p>
        <br>
        <p>Dein eigener Punktestand:
                        0.00
                    </p>
        <br>
    </div>
</div>
<div class="footer">
    Rendered in 4.203s - Memory usage: 42.77Mb
</div>

</body>
</html>
