<!DOCTYPE html>
<html lang="de" xmlns:stu="stu">
<body>
<div class="box">
    <div class="box_title">Energie: 96/96 (+16/Runde = 96)</div>
    <div class="box_body">
        <img src="/assets/buttons/e_trans2.png" title="Energie" style="width: 12px; height: 12px;">
                <img src="/assets/bars/balken.png" style="background-color: #aaaa00;height: 12px; width: 360px;" title="Energieproduktion">
                +16
    </div>
</div>

</body>
</html>
