<!DOCTYPE html>
<html xmlns="http://www.w3.org/1999/xhtml" xmlns:stu="stu" lang="de">

<head>
    <meta charset="utf-8">
    <meta name="theme-color" content="#121220">
    <script src="/static/js/prototype.js"></script>
    <script src="/static/js/scriptaculous/scriptaculous.js"></script>
    <script>
        var userDeals = 0;
    </script>
    <script src="/static/js/default.js"></script>
    <script src="/static/js/colony.js"></script>
    <script src="/static/js/comm.js"></script>
    <script src="/static/js/database.js"></script>
    <script src="/static/js/profile.js"></script>
    <script src="/static/js/ship.js"></script>
    <script src="/static/js/shipmanagement.js"></script>
    <script src="/static/js/starmap.js"></script>
    <script src="/static/js/station.js"></script>
    <script src="/static/js/trade.js"></script>
    <script src="/static/js/tutorial.js"></script>
    <title>Neue private Nachricht</title>
    <script>
        var gfx_path = '/assets';
    </script>
    <script src="/static/js/overlib.js"></script>
    <script src="/static/js/drag.js"></script>
    <script src="/static/js/overlib_exclusive.js"></script>
    <link rel="STYLESHEET" type="text/css" href="/static/css/schwarz.css">
    <link rel="STYLESHEET" type="text/css" href="/static/css/stu.css">
    <link rel="shortcut icon" href="/assets/favicon.ico">
</head>

<body onload="startUp();">
    <div id="overDiv">...</div>
    <div class="container">
        <div class="header">
            <div id="navlet_user">
                <div id="userComponent" class="header_box header_box_user border_box action" onclick="goToUrl('/maindesk.php'); return false;">
    </div>
            </div>
            <div id="navlet_pm">
                <div id="pmComponent" class="header_box header_box_pm border_box">
    </div>
            </div>
            <div id="navlet_research">
                            </div>
            <div id="navlet_colonies">
                
<div id="coloniesComponent" class="header_box header_box_col border_box">
    </div>
            </div>
            <div id="nagus">
            </div>
            <div class="header_box header_box_logout border_box action" onclick="goToUrl('game.php?B_LOGOUT=1')" onmouseover="cp('header_menu_logout','navigation/menu_logout1', 'png')" onmouseout="cp('header_menu_logout','navigation/menu_logout0', 'png')">
                <div>
                    <img style="width: 40px; height: 40px;" id="header_menu_logout" src="/assets/navigation/menu_logout0.png" title="Logout">
                    <div style="margin-top: 5px">Logout</div>
                </div>
            </div>
                        <div class="header_box header_box_help border_box action" onclick="openNewTab('https://wiki.change.me')" onmouseover="cp('header_menu_docu','navigation/menu_doku1', 'png')" onmouseout="cp('header_menu_docu','navigation/menu_doku0', 'png')">
                <div>
                    <img style="width: 40px; height: 40px;" id="header_menu_docu" src="/assets/navigation/menu_doku0.png" title="Wiki">
                    <div style="margin-top: 5px">Wiki</div>
                </div>
            </div>
                                    <div class="header_box header_box_help border_box action" onclick="openNewTab('https://board.change.me')" onmouseover="cp('header_menu_board','navigation/menu_scripts1', 'png')" onmouseout="cp('header_menu_board','navigation/menu_scripts0', 'png')">
                <div>
                    <img style="width: 40px; height: 40px;" id="header_menu_board" src="/assets/navigation/menu_scripts0.png" title="Forum">
                    <div style="margin-top: 5px">Forum</div>
                </div>
            </div>
                        <div class="header_box header_box_settings border_box action" onmouseover="cp('header_menu_settings','navigation/menu_option1', 'png')" onmouseout="cp('header_menu_settings','navigation/menu_option0', 'png')">
                <a href="options.php" onclick="if(event.button === 0) { switchInnerContent('', '', '', '/options.php'); event.preventDefault(); }" style="display: block; text-decoration: none; color: inherit;">
                    <div>
                        <img style="width: 40px; height: 40px;" id="header_menu_settings" src="/assets/navigation/menu_option0.png" title="Einstellungen">
                        <div style="margin-top: 5px">Einstellungen</div>
                    </div>
                </a>
            </div>
            <div class="headerBottom"> </div>
        </div>
        <div style="margin-top: 80px;">
            <div class="sidebar">
                <div style="width: 100%; padding-left: 12px; padding-right: 10px">
                                        <a class="navitem_link" href="colony.php" onclick="if(event.button === 0) { switchView('colony', 'Kolonien', 'colony.php'); event.preventDefault(); }">
    <div class="navigation_item border_box" onmouseover="cp('nav_item_planets','navigation/menu_planets1', 'png')" onmouseout="cp('nav_item_planets','navigation/menu_planets0', 'png')">
        <img class="navitem_img" src="/assets/navigation/menu_planets0.png" id="nav_item_planets" title="Kolonien">
        <div class="navitem_title">Kolonien</div>
    </div>
</a>

<a class="navitem_link" href="ship.php" onclick="if(event.button === 0) { switchView('ship', 'Schiffe', 'ship.php'); event.preventDefault(); }">
    <div class="navigation_item border_box" onmouseover="cp('nav_item_ships','navigation/menu_ships1', 'png')" onmouseout="cp('nav_item_ships','navigation/menu_ships0', 'png')">
        <img class="navitem_img" src="/assets/navigation/menu_ships0.png" id="nav_item_ships" title="Schiffe">
        <div class="navitem_title">Schiffe</div>
    </div>
</a>

<a class="navitem_link" href="comm.php" onclick="if(event.button === 0) { switchView('comm', 'KommNet', 'comm.php'); event.preventDefault(); }">
    <div class="navigation_item border_box" onmouseover="cp('nav_item_comm','navigation/menu_comm1', 'png')" onmouseout="cp('nav_item_comm','navigation/menu_comm0', 'png')">
        <img class="navitem_img" src="/assets/navigation/menu_comm0.png" id="nav_item_comm" title="KommNet">
        <div class="navitem_title">KommNet</div>
    </div>
</a>

<a class="navitem_link" href="pm.php" onclick="if(event.button === 0) { switchView('pm', 'Nachrichten', 'pm.php'); event.preventDefault(); }">
    <div class="navigation_item border_box" onmouseover="cp('nav_item_msg','navigation/menu_msg1', 'png')" onmouseout="cp('nav_item_msg','navigation/menu_msg0', 'png')">
        <img class="navitem_img" src="/assets/navigation/menu_msg0.png" id="nav_item_msg" title="Nachrichten">
        <div class="navitem_title">Nachrichten</div>
    </div>
</a>

<a class="navitem_link" href="research.php" onclick="if(event.button === 0) { switchView('research', 'Forschung', 'research.php'); event.preventDefault(); }">
    <div class="navigation_item border_box" onmouseover="cp('nav_item_forsch','navigation/menu_forsch1', 'png')" onmouseout="cp('nav_item_forsch','navigation/menu_forsch0', 'png')">
        <img class="navitem_img" src="/assets/navigation/menu_forsch0.png" id="nav_item_forsch" title="Forschung">
        <div class="navitem_title">Forschung</div>
    </div>
</a>

<a class="navitem_link" href="trade.php" onclick="if(event.button === 0) { switchView('trade', 'Handel', 'trade.php'); event.preventDefault(); }">
    <div class="navigation_item border_box" onmouseover="cp('nav_item_trade','navigation/menu_trade1', 'png')" onmouseout="cp('nav_item_trade','navigation/menu_trade0', 'png')">
        <img class="navitem_img" src="/assets/navigation/menu_trade0.png" id="nav_item_trade" title="Handel">
        <div class="navitem_title">Handel</div>
    </div>
</a>

<a class="navitem_link" href="alliance.php" onclick="if(event.button === 0) { switchView('alliance', 'Allianz', 'alliance.php'); event.preventDefault(); }">
    <div class="navigation_item border_box" onmouseover="cp('nav_item_ally','navigation/menu_ally1', 'png')" onmouseout="cp('nav_item_ally','navigation/menu_ally0', 'png')">
        <img class="navitem_img" src="/assets/navigation/menu_ally0.png" id="nav_item_ally" title="Allianz">
        <div class="navitem_title">Allianz</div>
    </div>
</a>

<a class="navitem_link" href="database.php" onclick="if(event.button === 0) { switchView('database', 'Datenbank', 'database.php'); event.preventDefault(); }">
    <div class="navigation_item border_box" onmouseover="cp('nav_item_data','navigation/menu_data1', 'png')" onmouseout="cp('nav_item_data','navigation/menu_data0', 'png')">
        <img class="navitem_img" src="/assets/navigation/menu_data0.png" id="nav_item_data" title="Datenbank">
        <div class="navitem_title">Datenbank</div>
    </div>
</a>

<a class="navitem_link" href="history.php" onclick="if(event.button === 0) { switchView('history', 'Ereignisse', 'history.php'); event.preventDefault(); }">
    <div class="navigation_item border_box" onmouseover="cp('nav_item_history','navigation/menu_history1', 'png')" onmouseout="cp('nav_item_history','navigation/menu_history0', 'png')">
        <img class="navitem_img" src="/assets/navigation/menu_history0.png" id="nav_item_history" title="Ereignisse">
        <div class="navitem_title">Ereignisse</div>
    </div>
</a>

<a class="navitem_link" href="starmap.php" onclick="if(event.button === 0) { switchView('starmap', 'Karte', 'starmap.php'); event.preventDefault(); }">
    <div class="navigation_item border_box" onmouseover="cp('nav_item_map','navigation/menu_map1', 'png')" onmouseout="cp('nav_item_map','navigation/menu_map0', 'png')">
        <img class="navitem_img" src="/assets/navigation/menu_map0.png" id="nav_item_map" title="Karte">
        <div class="navitem_title">Karte</div>
    </div>
</a>


                    <div id="navlet_servertime">
                        <div id="serverTimeAndVersionComponent" class="border_box navigation_item_servertime">
    </div>
                    </div>
                </div>
            </div>
            <div id="innerContent" class="innerContent">
                <div class="box">
    <div class="box_title" style="text-align: left">/
                <a href="pm.php?WRITE_PM=1">
            Private Nachrichte verfassen
        </a>
                    </div>
</div>
<br>
<div id="result" style="display: none;">..</div>

<form action="pm.php" method="post" name="newpm">
	<input type="hidden" name="WRITE_PM" value="1">
	<input type="hidden" name="sstr" value="MOCKED_SESSIONSTRING">
	<div style="float: left; width: 75%;">
		<table class="tcal">
			<tr>
				<th>Empf&auml;nger</th>
			</tr>
			<tr>
								<td>
					Siedler-ID <input type="text" name="recipient" style="width: 50px;" value="">
					<select name="recid" onchange="updateRecipient();">
						<option value="0">------------------</option>
											</select>
				</td>
							</tr>
			<tr>
				<th>Text</th>
			</tr>
			<tr>
				<td><textarea name="text" style="width: 100%; height: 300px;"></textarea></td>
			</tr>
			<tr>
				<td>
					<input type="submit" name="B_WRITE_PM" value="Absenden">
				</td>
			</tr>
		</table>
			</div>
	<div style="float: left; width: 24%; margin-left: 1%">
				<table class="tcal">
    <tr>
        <th>Aktionen</th>
    </tr>
    <tr>
        <td>
            <span style="color: #cecece">&gt;</span> <a href="javascript:void(0);" onclick="switchInnerContent('WRITE_PM', 'Neue private Nachricht');">
                Nachricht verfassen</a>
                    </td>
    </tr>
</table>
<br>
<div class="box">
    <div class="box_title">Kontakte</div>
    <div class="box_body">
        <ul>
            <li>
                <span style="color: #cecece">&gt;</span> <a href="javascript:void(0);" onclick="switchInnerContent('SHOW_CONTACTLIST', 'Kontaktliste');">
                    Alle Kontakte</a>
            </li>
            <li>
                <span style="color: #cecece">&gt;</span> <a href="?SHOW_IGNORELIST=1">Ignorierte Siedler</a>
            </li>
        </ul>
    </div>
</div>
<br>
<div class="box">
    <div class="box_title">Notizen</div>
    <div class="box_body">
        <ul>
            <li>
                <a href="javascript:void(0);" onclick="event.stopPropagation(); openNotes()" title="Notizzettel &ouml;ffnen" onmouseover="cp('headerNotiz','buttons/notiz2')" onmouseout="cp('headerNotiz','buttons/notiz1')">
                    <img src="/assets/buttons/notiz1.png" name="headerNotiz">
                    Notizzettel &ouml;ffnen</a>
            </li>
        </ul>
    </div>
</div>
<br>
<table class="tcal">
    <tr>
        <th>Ordner</th>
    </tr>
    <tr>
        <td>
            <ul id="catlist" class="pm_categories">
                <li id="item_4778" style="width: 100%; display: block;">
    <div class="iblock" style="width: 90%">
        <span style="color: #cecece; cursor: move;">&gt;</span>
                <a href="?pmcat=4778">Pers&ouml;nlich</a>
                (0/0)
    </div>
    <div class="iblock right" style="width: 8%">
        <a href="javascript:void(0);" onclick="showPMCategoryWindow(4778);" onmouseover="cp('catedit4778','buttons/knedit2', 'png')" onmouseout="cp('catedit4778','buttons/knedit1', 'png')">
            <img src="assets/buttons/knedit1.png" title="Editieren" name="catedit4778">
        </a>
    </div>
</li>
<li id="item_4779" style="width: 100%; display: block;">
    <div class="iblock" style="width: 90%">
        <span style="color: #cecece; cursor: move;">&gt;</span>
                <a href="?pmcat=4779">Schiffe</a>
                (0/0)
    </div>
    <div class="iblock right" style="width: 8%">
        <a href="javascript:void(0);" onclick="showPMCategoryWindow(4779);" onmouseover="cp('catedit4779','buttons/knedit2', 'png')" onmouseout="cp('catedit4779','buttons/knedit1', 'png')">
            <img src="assets/buttons/knedit1.png" title="Editieren" name="catedit4779">
        </a>
    </div>
</li>
<li id="item_4780" style="width: 100%; display: block;">
    <div class="iblock" style="width: 90%">
        <span style="color: #cecece; cursor: move;">&gt;</span>
                <a href="?pmcat=4780">Kolonien</a>
                (0/0)
    </div>
    <div class="iblock right" style="width: 8%">
        <a href="javascript:void(0);" onclick="showPMCategoryWindow(4780);" onmouseover="cp('catedit4780','buttons/knedit2', 'png')" onmouseout="cp('catedit4780','buttons/knedit1', 'png')">
            <img src="assets/buttons/knedit1.png" title="Editieren" name="catedit4780">
        </a>
    </div>
</li>
<li id="item_4781" style="width: 100%; display: block;">
    <div class="iblock" style="width: 90%">
        <span style="color: #cecece; cursor: move;">&gt;</span>
                <a href="?pmcat=4781">Handel</a>
                (0/0)
    </div>
    <div class="iblock right" style="width: 8%">
        <a href="javascript:void(0);" onclick="showPMCategoryWindow(4781);" onmouseover="cp('catedit4781','buttons/knedit2', 'png')" onmouseout="cp('catedit4781','buttons/knedit1', 'png')">
            <img src="assets/buttons/knedit1.png" title="Editieren" name="catedit4781">
        </a>
    </div>
</li>
<li id="item_4782" style="width: 100%; display: block;">
    <div class="iblock" style="width: 90%">
        <span style="color: #cecece; cursor: move;">&gt;</span>
                <a href="?pmcat=4782">Systemmeldungen</a>
                (0/0)
    </div>
    <div class="iblock right" style="width: 8%">
        <a href="javascript:void(0);" onclick="showPMCategoryWindow(4782);" onmouseover="cp('catedit4782','buttons/knedit2', 'png')" onmouseout="cp('catedit4782','buttons/knedit1', 'png')">
            <img src="assets/buttons/knedit1.png" title="Editieren" name="catedit4782">
        </a>
    </div>
</li>
<li id="item_4783" style="width: 100%; display: block;">
    <div class="iblock" style="width: 90%">
        <span style="color: #cecece; cursor: move;">&gt;</span>
                <a href="?pmcat=4783">Postausgang</a>
                (0/0)
    </div>
    <div class="iblock right" style="width: 8%">
        <a href="javascript:void(0);" onclick="showPMCategoryWindow(4783);" onmouseover="cp('catedit4783','buttons/knedit2', 'png')" onmouseout="cp('catedit4783','buttons/knedit1', 'png')">
            <img src="assets/buttons/knedit1.png" title="Editieren" name="catedit4783">
        </a>
    </div>
</li>
<li id="item_4784" style="width: 100%; display: block;">
    <div class="iblock" style="width: 90%">
        <span style="color: #cecece; cursor: move;">&gt;</span>
                <a href="?pmcat=4784">Stationen</a>
                (0/0)
    </div>
    <div class="iblock right" style="width: 8%">
        <a href="javascript:void(0);" onclick="showPMCategoryWindow(4784);" onmouseover="cp('catedit4784','buttons/knedit2', 'png')" onmouseout="cp('catedit4784','buttons/knedit1', 'png')">
            <img src="assets/buttons/knedit1.png" title="Editieren" name="catedit4784">
        </a>
    </div>
</li>
            </ul>
            <script defer>
    Sortable.create('catlist', {
      tag: 'li',
      onUpdate: updateCategoryOrder,
    });
</script>
            <br style="clear: both;"><br>
            <span style="color: #cecece;">&gt;</span> <a href="javascript:void(0);" onclick="openNewCatWindow();">
                Neuer Ordner</a>
        </td>
    </tr>
</table>
	</div>
</form>
<div class="footer">
    Rendered in 4.203s - Memory usage: 42.77Mb
</div>
<script>
            updateComponent('navlet_pm', '/game.php?SHOW_COMPONENT=1&component=pm', 60000);
                updateComponent('navlet_servertime', '/game.php?SHOW_COMPONENT=1&component=servertime', 300000);
        </script>
                <script>
                    window.addEventListener("popstate", function (e) {
                        window.location.reload();
                    });
                </script>
            </div>
        </div>
    </div>
</body>

</html>
