<!DOCTYPE html>
<html lang="de" xmlns:stu="stu">
<body>
<table class="tcal">
            <tr>
        <td class="darkbg">Keine Eintr&Atilde;&curren;ge vorhanden</td>
    </tr>
    </table>

</body>
</html>
