<html>

<head>
    <meta charset="utf-8">
</head>

<body>
<div class="box">
    <div class="box_title" style="text-align: left">/
                <a href="database.php">
            Datenbank
        </a>
                <span> / </span>
                        <a href="database.php?SHOW_TOP_CREW=1">
            Die Top 10 der Ausbilder
        </a>
                    </div>
</div>
<br>
<div id="result" style="display: none;">..</div>
<div class="statisticsToplist">
    <div>
        <ul class="statistics">
                        <li>
                <div class="userGrid">
                    <div class="placement">
                        <span class="placement1">1.</span>
                    </div>
                    <div class="userprofile">
                        <img src="assets/rassen/1kn.png">
                    </div>
                    <div class="userName">
                        Unbekannt
                    </div>
                    <div>
                        <img src="assets/buttons/crew.png" title="Crew auf Schiffen / Stationen">
                        12
                    </div>
                    <div>
                    </div>
                </div>
            </li>
                    </ul>
    </div>
    <div>
        <h1>Ausbilder</h1>
        <p>In dieser Liste werden die 10 Spieler mit der meisten Crew auf Schiffen/Stationen dargestellt.
        </p>
        <p>Da es sich dabei um sensible Informationen handelt, werden keine Spielernamen angezeigt.</p>
        <br>
        <p>Diese Liste ist immer aktuell.</p>
    </div>
</div>
<div class="footer">
    Rendered in 4.203s - Memory usage: 42.77Mb
</div>

</body>
</html>
