<html>

<head>
    <meta charset="utf-8">
</head>

<body>
<div class="box">
    <div class="box_title" style="text-align: left">/
                <a href="comm.php">
            KommNet
        </a>
                <span> / </span>
                        <a href="comm.php?SHOW_PLOTLIST=1">
            Plots
        </a>
                    </div>
</div>
<br>
<div id="result" style="display: none;">..</div>

<div class="divhead">Laufende Plots</div>
<div class="plotList">
    <div class="plotListItem">
  <div>
    <div class="plotTitle">
      <a href="?SHOW_PLOT=1&amp;plotid=9">The Plot Title</a>
    </div>
    <div>
      1 Beitr&auml;g(e) von  Spieler(n)
    </div>
  </div>
  <div>
    <div>
      Gestartet: 21.07.2394
    </div>
    <div>
      <span>Status:</span>
            <span>Aktiv</span>
          </div>
  </div>
  <div class="plotMember">
      </div>
</div>
</div>
<div class="footer">
    Rendered in 4.203s - Memory usage: 42.77Mb
</div>

</body>
</html>
