<html>

<head>
    <meta charset="utf-8">
</head>

<body>
<div class="box">
    <div class="box_title" style="text-align: left">/
            </div>
</div>
<br>
<div id="result" style="display: none;">..</div>
<form method="post" action="spacecraft.php">
    <div>
                <div style="float:left; padding-right: 5px; width: 5vw;">
            <div class="box">
                <div class="box_title">Skills</div>
                <div class="box_body" style="vertical-align: middle; text-align: center;">
                                        <div class="box">
                        <div class="box_title">Commander</div>
                        <div class="box_body" style="vertical-align: middle; text-align: center;">
                            Rekrut (89)
                        </div>
                    </div>
                                        <div class="box">
                        <div class="box_title">Captain</div>
                        <div class="box_body" style="vertical-align: middle; text-align: center;">
                            Kadett (178)
                        </div>
                    </div>
                                    </div>
            </div>
        </div>
                <div class="box" style="float:left;">
            <div class="box_title">Anzahl</div>
            <div class="box_body">
                <input type="hidden" size="3" name="id" value="42">
                <input type="text" size="3" name="count" value="50">
                <input type="submit" name="SHOW_CREWMAN_DETAILS" class="button" value="Aktualisieren">
            </div>
        </div>
        <div style="float:left; width: 90vw; padding-top:5px;">
            <table class="tcal">
                <tr>
                    <th colspan="2">Eintrag</th>
                    <th>Datum</th>
                </tr>
                                <tr>
                    <td colspan="2">Keine Eintr&auml;ge vorhanden</td>
                </tr>
                            </table>
        </div>
    </div>
</form>
<div class="footer">
    Rendered in 4.203s - Memory usage: 42.77Mb
</div>

</body>
</html>
