<html>

<head>
    <meta charset="utf-8">
</head>

<body>
<div class="box">
    <div class="box_title" style="text-align: left">/
                <a href="database.php">
            Datenbank
        </a>
                <span> / </span>
                        <a href="database.php?SHOW_CATEGORY=1&amp;cat=1">
            Schiffsr&uuml;mpfe
        </a>
                    </div>
</div>
<br>
<div id="result" style="display: none;">..</div>





<table class="use">
    <tr>
        <th></th>
        <th>Beschreibung</th>
        <th>Entdeckung</th>
    </tr>
        <tr class="rowodd">
                <td>
            <img src="assets/ships/6501.png">
        </td>
        <td>
            <a href="javascript:void(0);" onclick="switchInnerContent('SHOW_ENTRY', 'Systemkarte', 'cat=1&amp;ent=6501001');">
                Aerie
            </a>
        </td>
        <td>2024-11-21 18:37:08</td>
            </tr>
    </table>







<div class="footer">
    Rendered in 4.203s - Memory usage: 42.77Mb
</div>

</body>
</html>
