<html>

<head>
    <meta charset="utf-8">
</head>

<body>
<div class="box">
    <div class="box_title" style="text-align: left">/
                <a href="database.php">
            Datenbank
        </a>
                <span> / </span>
                        <a href="database.php?SHOW_TOP_PIRATE_WRATH=1">
            Die 10 meistgehassten Siedler der Kazon
        </a>
                    </div>
</div>
<br>
<div id="result" style="display: none;">..</div>

<div class="statisticsToplist">
    <div>
        <ul class="statistics">
                    </ul>
    </div>
    <div>
        <h1>Feinde der Kazon</h1>
        <p>In dieser Liste werden die 10 Spieler mit den h&ouml;chsten Kazon-Modifikatoren gef&uuml;hrt. Der
            Modfikator steigt, wenn ein Spieler ein Schiff der Kazon zerst&ouml;rt.
            Zerst&ouml;ren die Kazon jedoch ein Schiff des Siedlers, so sinkt er wieder ab. Au&szlig;erdem sinkt der
            Modifikator um 2% jede Nacht.
            Der Modifikator hat Auswirkung auf die Kampfst&auml;rke der Kazon Piraten sowie &uuml;ber die L&auml;nge des
            Nicht Angriffspaktes den man beim gro&szlig;en Nagus erhandeln kann.
        </p>
        <br>
        <p>Dein eigener Modifikator: 100%</p>
        <p>Zerst&ouml;rte Piratenschiffe: 0</p>
        <p>Durch die Piraten zerst&ouml;rte Schiffe: 0</p>
        <br>
        <p>Diese Liste ist immer aktuell.</p>
    </div>
</div>
<div class="footer">
    Rendered in 4.203s - Memory usage: 42.77Mb
</div>

</body>
</html>
