<html>

<head>
    <meta charset="utf-8">
</head>

<body>
<div class="box">
    <div class="box_title" style="text-align: left">/
                <a href="database.php">
            Datenbank
        </a>
                <span> / </span>
                        <a href="database.php?SHOW_NPCLIST=1">
            NPC &amp; Admin Liste
        </a>
                    </div>
</div>
<br>
<div id="result" style="display: none;">..</div>

<div>
    <div style="width: 620px; float:left;">
        <div class="divhead">Sortierung</div>
        <div class="divbody">
            <div class="userListSortItem">
                <a href="javascript:void(0);" onclick="switchInnerContent('SHOW_NPCLIST', '', 'mark=0&amp;order=fac&amp;way=up');"><img src="assets/buttons/pup.png"></a>
                <span>Fraktion</span>
                <a href="javascript:void(0);" onclick="switchInnerContent('SHOW_NPCLIST', '', 'mark=0&amp;order=fac&amp;way=down');"><img src="assets/buttons/pdown.png"></a>
            </div>
            <div class="userListSortItem">
                <a href="javascript:void(0);" onclick="switchInnerContent('SHOW_NPCLIST', '', 'mark=0&amp;order=id&amp;way=up');"><img src="assets/buttons/pup.png"></a>
                <span>Id</span>
                <a href="javascript:void(0);" onclick="switchInnerContent('SHOW_NPCLIST', '', 'mark=0&amp;order=id&amp;way=down');"><img src="assets/buttons/pdown.png"></a>
            </div>
            <div class="userListSortItem">
                <a href="javascript:void(0);" onclick="switchInnerContent('SHOW_NPCLIST', '', 'mark=0&amp;order=alliance&amp;way=up');"><img src="assets/buttons/pup.png"></a>
                <span>Allianz</span>
                <a href="javascript:void(0);" onclick="switchInnerContent('SHOW_NPCLIST', '', 'mark=0&amp;order=alliance&amp;way=down');"><img src="assets/buttons/pdown.png"></a>
            </div>
        </div>
    </div>
    <div style="width: 340px; padding-left: 10px; overflow: hidden;">
        <div class="divhead">Suche</div>
        <div class="divbody">
            <form method="post" action="database.php">
                <input type="hidden" name="sstr" value="MOCKED_SESSIONSTRING">
                <table>
                    <tr>
                        <td><input type="text" name="search" style="width: 150px;" value=""></td>
                        <td>
<input type="submit" class="button" value="nach Name/ID suchen" name="SHOW_NPCLIST">
                        </td>
                    </tr>
                </table>
            </form>
        </div>
    </div>
</div>
<br>
<table class="use">
    <tr>
                <td>
            <a href="?SHOW_NPCLIST=1&amp;mark=0&amp;order=id&amp;way=down" class="pages selected">1</a>
        </td>
            </tr>
</table>
<br>
<div class="userList">
        <div class="userListItem">
        <div class="userListItemAvatar">
            <div class="userAvatar">
    <a href="/userprofile.php?uid=10">
                <img src="/assets/rassen//1kn.png" title="Vereinte F&ouml;deration der Planeten">
            </a>
</div>

        </div>
        <div>
            <div class="userListItemName">
                <a href="userprofile.php?uid=10">
                    <strong><span style="color: #6699CC">Vereinte F&ouml;deration der Planeten</span></strong> (10)
<img src="/assets/buttons/rpg0.png" title="Der Spieler hat seine Rollenspieleinstellung nicht gesetzt">

                </a>
            </div>
            <div class="userListItemAllianceName">
                                <span>-</span>
                            </div>
            <div class="userListItemButtons">
                <img src="assets/rassen/1s.png">
                <a href="/userprofile.php?uid=10" onmouseover="cp('MOCKED_UNIQUEID','buttons/info2', 'png');" onmouseout="cp('MOCKED_UNIQUEID','buttons/info1', 'png');"><img src="/assets/buttons/info1.png" name="MOCKED_UNIQUEID" title="Siedlerprofil ansehen"></a>

                <a href="javascript:void(0);" onmouseover="cp('MOCKED_UNIQUEID','buttons/msg2', 'png');" onmouseout="cp('MOCKED_UNIQUEID','buttons/msg1', 'png');" onclick="closePopup(); openPmWindow(101, 10, 1,1);"><img src="/assets/buttons/msg1.png" name="MOCKED_UNIQUEID" title="Nachricht senden"></a>

            </div>
        </div>
    </div>
        <div class="userListItem">
        <div class="userListItemAvatar">
            <div class="userAvatar">
    <a href="/userprofile.php?uid=11">
                <img src="/assets/rassen//2kn.png" title="Romulanisches Sternenimperium ">
            </a>
</div>

        </div>
        <div>
            <div class="userListItemName">
                <a href="userprofile.php?uid=11">
                    <strong><span style="color: #055415">Romulanisches Sternenimperium</span> </strong> (11)
<img src="/assets/buttons/rpg0.png" title="Der Spieler hat seine Rollenspieleinstellung nicht gesetzt">

                </a>
            </div>
            <div class="userListItemAllianceName">
                                <span>-</span>
                            </div>
            <div class="userListItemButtons">
                <img src="assets/rassen/2s.png">
                <a href="/userprofile.php?uid=11" onmouseover="cp('MOCKED_UNIQUEID','buttons/info2', 'png');" onmouseout="cp('MOCKED_UNIQUEID','buttons/info1', 'png');"><img src="/assets/buttons/info1.png" name="MOCKED_UNIQUEID" title="Siedlerprofil ansehen"></a>

                <a href="javascript:void(0);" onmouseover="cp('MOCKED_UNIQUEID','buttons/msg2', 'png');" onmouseout="cp('MOCKED_UNIQUEID','buttons/msg1', 'png');" onclick="closePopup(); openPmWindow(101, 11, 1,1);"><img src="/assets/buttons/msg1.png" name="MOCKED_UNIQUEID" title="Nachricht senden"></a>

            </div>
        </div>
    </div>
        <div class="userListItem">
        <div class="userListItemAvatar">
            <div class="userAvatar">
    <a href="/userprofile.php?uid=12">
                <img src="/assets/rassen//3kn.png" title="Klingonisches Reich">
            </a>
</div>

        </div>
        <div>
            <div class="userListItemName">
                <a href="userprofile.php?uid=12">
                    <strong><span style="color: #760505">Klingonisches Reich</span></strong> (12)
<img src="/assets/buttons/rpg0.png" title="Der Spieler hat seine Rollenspieleinstellung nicht gesetzt">

                </a>
            </div>
            <div class="userListItemAllianceName">
                                <span>-</span>
                            </div>
            <div class="userListItemButtons">
                <img src="assets/rassen/3s.png">
                <a href="/userprofile.php?uid=12" onmouseover="cp('MOCKED_UNIQUEID','buttons/info2', 'png');" onmouseout="cp('MOCKED_UNIQUEID','buttons/info1', 'png');"><img src="/assets/buttons/info1.png" name="MOCKED_UNIQUEID" title="Siedlerprofil ansehen"></a>

                <a href="javascript:void(0);" onmouseover="cp('MOCKED_UNIQUEID','buttons/msg2', 'png');" onmouseout="cp('MOCKED_UNIQUEID','buttons/msg1', 'png');" onclick="closePopup(); openPmWindow(101, 12, 1,1);"><img src="/assets/buttons/msg1.png" name="MOCKED_UNIQUEID" title="Nachricht senden"></a>

            </div>
        </div>
    </div>
        <div class="userListItem">
        <div class="userListItemAvatar">
            <div class="userAvatar">
    <a href="/userprofile.php?uid=13">
                <img src="/assets/rassen//4kn.png" title="Cardassianische Union">
            </a>
</div>

        </div>
        <div>
            <div class="userListItemName">
                <a href="userprofile.php?uid=13">
                    <strong><span style="color: #999900">Cardassianische Union</span></strong> (13)
<img src="/assets/buttons/rpg0.png" title="Der Spieler hat seine Rollenspieleinstellung nicht gesetzt">

                </a>
            </div>
            <div class="userListItemAllianceName">
                                <span>-</span>
                            </div>
            <div class="userListItemButtons">
                <img src="assets/rassen/4s.png">
                <a href="/userprofile.php?uid=13" onmouseover="cp('MOCKED_UNIQUEID','buttons/info2', 'png');" onmouseout="cp('MOCKED_UNIQUEID','buttons/info1', 'png');"><img src="/assets/buttons/info1.png" name="MOCKED_UNIQUEID" title="Siedlerprofil ansehen"></a>

                <a href="javascript:void(0);" onmouseover="cp('MOCKED_UNIQUEID','buttons/msg2', 'png');" onmouseout="cp('MOCKED_UNIQUEID','buttons/msg1', 'png');" onclick="closePopup(); openPmWindow(101, 13, 1,1);"><img src="/assets/buttons/msg1.png" name="MOCKED_UNIQUEID" title="Nachricht senden"></a>

            </div>
        </div>
    </div>
        <div class="userListItem">
        <div class="userListItemAvatar">
            <div class="userAvatar">
    <a href="/userprofile.php?uid=14">
                <img src="/assets/rassen//5kn.png" title="Ferengi Allianz">
            </a>
</div>

        </div>
        <div>
            <div class="userListItemName">
                <a href="userprofile.php?uid=14">
                    <span style="color: #FF8000"><strong>Ferengi Allianz</strong></span> (14)
<img src="/assets/buttons/rpg0.png" title="Der Spieler hat seine Rollenspieleinstellung nicht gesetzt">

                </a>
            </div>
            <div class="userListItemAllianceName">
                                <span>-</span>
                            </div>
            <div class="userListItemButtons">
                <img src="assets/rassen/5s.png">
                <a href="/userprofile.php?uid=14" onmouseover="cp('MOCKED_UNIQUEID','buttons/info2', 'png');" onmouseout="cp('MOCKED_UNIQUEID','buttons/info1', 'png');"><img src="/assets/buttons/info1.png" name="MOCKED_UNIQUEID" title="Siedlerprofil ansehen"></a>

                <a href="javascript:void(0);" onmouseover="cp('MOCKED_UNIQUEID','buttons/msg2', 'png');" onmouseout="cp('MOCKED_UNIQUEID','buttons/msg1', 'png');" onclick="closePopup(); openPmWindow(101, 14, 1,1);"><img src="/assets/buttons/msg1.png" name="MOCKED_UNIQUEID" title="Nachricht senden"></a>

            </div>
        </div>
    </div>
        <div class="userListItem">
        <div class="userListItemAvatar">
            <div class="userAvatar">
    <a href="/userprofile.php?uid=15">
                <img src="/assets/rassen//6kn.png" title="Pakled (NPC)">
            </a>
</div>

        </div>
        <div>
            <div class="userListItemName">
                <a href="userprofile.php?uid=15">
                    <strong><span style="color: 552222">Pakled</span></strong> (NPC) (15)
<img src="/assets/buttons/rpg0.png" title="Der Spieler hat seine Rollenspieleinstellung nicht gesetzt">

                </a>
            </div>
            <div class="userListItemAllianceName">
                                <span>-</span>
                            </div>
            <div class="userListItemButtons">
                <img src="assets/rassen/6s.png">
                <a href="/userprofile.php?uid=15" onmouseover="cp('MOCKED_UNIQUEID','buttons/info2', 'png');" onmouseout="cp('MOCKED_UNIQUEID','buttons/info1', 'png');"><img src="/assets/buttons/info1.png" name="MOCKED_UNIQUEID" title="Siedlerprofil ansehen"></a>

                <a href="javascript:void(0);" onmouseover="cp('MOCKED_UNIQUEID','buttons/msg2', 'png');" onmouseout="cp('MOCKED_UNIQUEID','buttons/msg1', 'png');" onclick="closePopup(); openPmWindow(101, 15, 1,1);"><img src="/assets/buttons/msg1.png" name="MOCKED_UNIQUEID" title="Nachricht senden"></a>

            </div>
        </div>
    </div>
        <div class="userListItem">
        <div class="userListItemAvatar">
            <div class="userAvatar">
    <a href="/userprofile.php?uid=17">
                <img src="/assets/rassen//7kn.png" title="Kazon (KI-NPC)">
            </a>
</div>

        </div>
        <div>
            <div class="userListItemName">
                <a href="userprofile.php?uid=17">
                    <strong><span style="color: #9b734d">Kazon</span></strong> (KI-NPC) (17)
<img src="/assets/buttons/rpg0.png" title="Der Spieler hat seine Rollenspieleinstellung nicht gesetzt">

                </a>
            </div>
            <div class="userListItemAllianceName">
                                <span>-</span>
                            </div>
            <div class="userListItemButtons">
                <img src="assets/rassen/7s.png">
                <a href="/userprofile.php?uid=17" onmouseover="cp('MOCKED_UNIQUEID','buttons/info2', 'png');" onmouseout="cp('MOCKED_UNIQUEID','buttons/info1', 'png');"><img src="/assets/buttons/info1.png" name="MOCKED_UNIQUEID" title="Siedlerprofil ansehen"></a>

                <a href="javascript:void(0);" onmouseover="cp('MOCKED_UNIQUEID','buttons/msg2', 'png');" onmouseout="cp('MOCKED_UNIQUEID','buttons/msg1', 'png');" onclick="closePopup(); openPmWindow(101, 17, 1,1);"><img src="/assets/buttons/msg1.png" name="MOCKED_UNIQUEID" title="Nachricht senden"></a>

            </div>
        </div>
    </div>
        <div class="userListItem">
        <div class="userListItemAvatar">
            <div class="userAvatar">
    <a href="/userprofile.php?uid=19">
                <img src="/assets/rassen//8kn.png" title="Borg Kollektiv">
            </a>
</div>

        </div>
        <div>
            <div class="userListItemName">
                <a href="userprofile.php?uid=19">
                    <strong><span style="color: #006400">Borg Kollektiv</span></strong> (19)
<img src="/assets/buttons/rpg0.png" title="Der Spieler hat seine Rollenspieleinstellung nicht gesetzt">

                </a>
            </div>
            <div class="userListItemAllianceName">
                                <span>-</span>
                            </div>
            <div class="userListItemButtons">
                <img src="assets/rassen/8s.png">
                <a href="/userprofile.php?uid=19" onmouseover="cp('MOCKED_UNIQUEID','buttons/info2', 'png');" onmouseout="cp('MOCKED_UNIQUEID','buttons/info1', 'png');"><img src="/assets/buttons/info1.png" name="MOCKED_UNIQUEID" title="Siedlerprofil ansehen"></a>

                <a href="javascript:void(0);" onmouseover="cp('MOCKED_UNIQUEID','buttons/msg2', 'png');" onmouseout="cp('MOCKED_UNIQUEID','buttons/msg1', 'png');" onclick="closePopup(); openPmWindow(101, 19, 1,1);"><img src="/assets/buttons/msg1.png" name="MOCKED_UNIQUEID" title="Nachricht senden"></a>

            </div>
        </div>
    </div>
        <div class="userListItem">
        <div class="userListItemAvatar">
            <div class="userAvatar">
    <a href="/userprofile.php?uid=101">
                <img src="/assets/rassen//1kn.png" title="Siedler 101">
            </a>
</div>

        </div>
        <div>
            <div class="userListItemName">
                <a href="userprofile.php?uid=101">
                    Siedler 101 (101)
<img src="/assets/buttons/rpg0.png" title="Der Spieler hat seine Rollenspieleinstellung nicht gesetzt">

                </a>
            </div>
            <div class="userListItemAllianceName">
                                <a href="alliance.php?id=2">
                    testally
                </a>
                            </div>
            <div class="userListItemButtons">
                <img src="assets/rassen/1s.png">
                <a href="/userprofile.php?uid=101" onmouseover="cp('MOCKED_UNIQUEID','buttons/info2', 'png');" onmouseout="cp('MOCKED_UNIQUEID','buttons/info1', 'png');"><img src="/assets/buttons/info1.png" name="MOCKED_UNIQUEID" title="Siedlerprofil ansehen"></a>

                
            </div>
        </div>
    </div>
        <div class="userListItem">
        <div class="userListItemAvatar">
            <div class="userAvatar">
    <a href="/userprofile.php?uid=102">
                <img src="/assets/rassen//1kn.png" title="Siedler 102">
            </a>
</div>

        </div>
        <div>
            <div class="userListItemName">
                <a href="userprofile.php?uid=102">
                    Siedler 102 (102)
<img src="/assets/buttons/rpg0.png" title="Der Spieler hat seine Rollenspieleinstellung nicht gesetzt">

                </a>
            </div>
            <div class="userListItemAllianceName">
                                <span>-</span>
                            </div>
            <div class="userListItemButtons">
                <img src="assets/rassen/1s.png">
                <a href="/userprofile.php?uid=102" onmouseover="cp('MOCKED_UNIQUEID','buttons/info2', 'png');" onmouseout="cp('MOCKED_UNIQUEID','buttons/info1', 'png');"><img src="/assets/buttons/info1.png" name="MOCKED_UNIQUEID" title="Siedlerprofil ansehen"></a>

                <a href="javascript:void(0);" onmouseover="cp('MOCKED_UNIQUEID','buttons/msg2', 'png');" onmouseout="cp('MOCKED_UNIQUEID','buttons/msg1', 'png');" onclick="closePopup(); openPmWindow(101, 102, 1,1);"><img src="/assets/buttons/msg1.png" name="MOCKED_UNIQUEID" title="Nachricht senden"></a>

            </div>
        </div>
    </div>
    </div>
<br>
<table class="use">
    <tr>
                <td>
            <a href="?SHOW_NPCLIST=1&amp;mark=0&amp;order=id&amp;way=down" class="pages selected">1</a>
        </td>
            </tr>
</table>
<div class="footer">
    Rendered in 4.203s - Memory usage: 42.77Mb
</div>

</body>
</html>
