<!DOCTYPE html>
<html xmlns="http://www.w3.org/1999/xhtml" xmlns:stu="stu" lang="de">

<head>
    <meta charset="utf-8">
    <script src="/static/js/prototype.js"></script>
    <script src="/static/js/scriptaculous/scriptaculous.js"></script>
    <script src="/static/js/default.js"></script>
    <title>/ Notizen</title>
    <script>
      var gfx_path = '/assets';
    </script>
    <script src="/static/js/overlib.js"></script>
    <script src="/static/js/drag.js"></script>
    <script src="/static/js/overlib_exclusive.js"></script>
    <link rel="STYLESHEET" type="text/css" href="/static/css/schwarz.css">
    <link rel="STYLESHEET" type="text/css" href="/static/css/stu.css">
    <link rel="shortcut icon" href="/assets/favicon.ico">
</head>

<body>
    <div>
        <script src="/static/js/trade.js"></script>
<div class="box">
    <div class="box_title" style="text-align: left">/
                <a href="notes.php">
            Notizen
        </a>
                    </div>
</div>
<br>
<div id="result" style="display: none;">..</div>
<form action="notes.php" method="post" id="note_form">
	<input type="hidden" name="delnotes" id="delnotes" value="">
	<table class="tcal">
		<tr>
			<th>Notiz</th>
			<th style="width: 120px; text-align: center;">Datum</th>
			<th></th>
			<th style="width: 20px;"></th>
		</tr>
								<tr>
			<td>
				<a href="notes.php?SHOW_NOTE=1&amp;noteid=42">Notiztitel</a>
			</td>
			<td style="text-align: center;">21.07.2394 11:30</td>
			<td style="width: 20px;">
				<a href="notes.php?B_DELETE_NOTES=1&amp;delnotes=42&amp;sstr=MOCKED_SESSIONSTRING" onmouseover="cp('note42','buttons/x2')" onmouseout="cp('note42','buttons/x1')">
					<img src="/assets/buttons/x1.png" name="note42">
				</a>
			</td>
			<td style="text-align: center;">
				<input type="checkbox" name="marked_notes[]" value="42" onclick="$('delnotes').value = nodelistToString(document.getElementById('note_form').elements['marked_notes[]']);">
			</td>
		</tr>
						<tr>
			<td colspan="3" style="text-align: center;">
				<input type="submit" style="cursor: pointer" id="SHOW_NEW_NOTE" name="SHOW_NEW_NOTE" value="Neue Notiz">
			</td>
			<td>
				<input type="submit" style="cursor: pointer" id="B_DELETE_NOTES" name="B_DELETE_NOTES" value="l&ouml;schen">
			</td>
		</tr>
	</table>
</form>
    </div>
</body>

</html>
