<html lang="de">

<head>
  <script src="/static/js/default.js"></script>
</head>

<body>
  <div class="ajaxwin">
        <table class="tcal">
      <tr>
        <th onmouseover="switch_drag_on();" onmouseout="switch_drag_off();">Sektor Scan</th>
        <th style="width: 18px;">
          <a href="javascript:void(0);" onclick="closeAjaxWindow();" onmouseover="cp('ajaxclose','buttons/x2');" onmouseout="cp('ajaxclose','buttons/x1');">
            <img src="/assets/buttons/x1.png" name="ajaxclose" title="Fenster schlie&Atilde;&#159;en">
          </a>
        </th>
      </tr>
    </table>
        <table class="tcal">
        <tr>
        <td rowspan="2" style="width: 30px; vertical-align: top;">
            <img src="assets/map/201.png">
        </td>
        <th>Klasse M</th>
    </tr>
    <tr>
        <td>
            <table style="background-color: #000000 ! important;">
                <tr>
                    <td>Energiekosten:</td>
                    <td>1</td>
                </tr>
                <tr>
                    <td>Schaden:</td>
                    <td>0
                        (10)
                        <img src="/assets/buttons/info2.png" style="height:16px;" title="Direkter Einflugschaden (Schaden bei Deflektorausfall)">
                    </td>
                </tr>
                                                <tr>
                    <td>Effekte:</td>
                    <td>
                                                Ausfall der Tarnung
                        <br>
                                                Leck am Warpantrieb
                        <br>
                                            </td>
                </tr>
                            </table>
        </td>
    </tr>
</table>
<script>
    appendJsAsync('/static/js/buoy.js');
</script>
      </div>
  </body>

</html>
