<html lang="de">

<head>
  <script src="/static/js/default.js"></script>
</head>

<body>
  <div class="ajaxwin">
        <table class="tcal">
      <tr>
        <th onmouseover="switch_drag_on();" onmouseout="switch_drag_off();">Neue private Nachricht</th>
        <th style="width: 18px;">
          <a href="javascript:void(0);" onclick="closeAjaxWindow();" onmouseover="cp('ajaxclose','buttons/x2');" onmouseout="cp('ajaxclose','buttons/x1');">
            <img src="/assets/buttons/x1.png" name="ajaxclose" title="Fenster schlie&Atilde;&#159;en">
          </a>
        </th>
      </tr>
    </table>
          <input type="hidden" name="pm_sstr" id="pm_sstr" value="MOCKED_SESSIONSTRING">
      <form id="quickpm">
      <table class="tcal" id="quickpm_compose">
        <tr>
          <td>
            <span>Empf&Atilde;&curren;nger:</span>
            Siedler 101
          </td>
        </tr>
        <tr>
          <th>Text</th>
        </tr>
        <tr>
          <td>
            <textarea name="text" style="width: 100%; height: 300px;">Die "Aerie" sendet der Kolonie "Stempor'Arr 4" in Sektor 7|8 folgende Nachricht:</textarea>
          </td>
        </tr>
        <tr>
          <td>
            <input type="button" class="button" onclick="sendQuickPM(101)" value="Absenden">
          </td>
        </tr>
      </table>
      <div id="quickpm_done" style="display: none;">
        <table class="tcal">
          <tr>
            <td>Die Nachricht wurde verschickt</td>
          </tr>
        </table>
      </div>
    </form>
        </div>
  </body>

</html>
