<!DOCTYPE html>
<html lang="de" xmlns:stu="stu">
<body>
<div id="researchComponent">
        <div class="header_box header_box_research border_box action" onmouseover="cp('header_menu_research','navigation/menu_forsch1', 'png')" onmouseout="cp('header_menu_research','navigation/menu_forsch0', 'png')">
        <a href="/research.php" onclick="if(event.button === 0) { switchInnerContent('', '', '', '/research.php'); event.preventDefault(); }" style="display: block; text-decoration: none; color: inherit;">
            <img style="width: 40px; height: 40px;" src="/assets/navigation/menu_forsch0.png" id="header_menu_research" title="Forschung">
            <div style="margin-top: 5px">Keine Forschung</div>
        </a>
    </div>
    </div>

</body>
</html>
